--------- beginning of main
11-13 19:42:29.373  1220  1737 I SDM     : HWCDisplay::SetActiveConfigWithConstraints: config: 1, WxH 1220x2712, fps 120
11-13 19:42:29.373  1220  1737 W SDM     : HWDeviceDRM::GetSupportedBitClkRate: Requested rate not supported: 1100000000
11-13 19:42:29.374  1220  1737 I SDM     : HWDeviceDRM::UpdateMixerAttributes: Mixer WxH 1220x2712-1 for Peripheral
11-13 19:42:29.374  1220  1737 I SDM     : HWCDisplay::SubmitDisplayConfig: Active configuration changed from config 0 to 1
11-13 19:42:29.374  1220  1737 I SDM     : HWCDisplay::SubmitDisplayConfig: Active WxH 1220x2712 fps 120
11-13 19:42:29.375  1220  1476 I SDM     : HWDeviceDRM::SetupAtomic: Setting mode: WxH: 1220x2712, vrefresh: 120, hskew: 0
11-13 19:42:29.381  1256  1798 D FPSMonitor: threadFuncFpsMonitor display 0, fps 120
11-13 19:42:29.498  1227  1582 V MSF.C.MSFCore[@PS]: [Event] MSFPacketStatistics.cpp(300)::DoCheckRequestTimeout->current rtts:57.422
11-13 19:42:29.838  2339  3147 D MIUIInput: [MotionEvent] publisher action=0x4, 23640248, channel 'cb826b8 NavigationBar0 (server)'
11-13 19:42:29.839  2339  3147 D MIUIInput: [MotionEvent] publisher action=0x4, 23640248, channel '5664806 LauncherOverlayWindow:com.miui.personalassistant (server)'
11-13 19:42:29.839  2339  3147 D MIUIInput: [MotionEvent] publisher action=0x0, 23640248, channel '45bd6c4 com.miui.home/com.miui.home.launcher.Launcher (server)'
11-13 19:42:29.840  4345  4345 D EventBus: No subscribers registered for event class com.miui.home.launcher.common.messages.EndSpringAnimatorMessage
11-13 19:42:29.840  4345  4345 D EventBus: No subscribers registered for event class org.greenrobot.eventbus.NoSubscriberEvent
11-13 19:42:29.841  1341  1746 D RefreshRateConfigs: TouchBoost - choose 120.00fps
11-13 19:42:29.841  4345  4345 D Launcher.Feed: touchState : 0 scrolling : false normalEditing : false WidgetThumbnailViewShowing : false UninstallDialogShowing : false isMinusScreenShowing: false
11-13 19:42:29.842  4345  4345 D Launcher.StatusBarController: try intercept touch, isProxySurvive=true
11-13 19:42:29.843  4345  4345 D Launcher.Workspace: Workspace touch down
11-13 19:42:29.843  4345  4345 D ScreenView_Workspace: onIntercept:0.0
11-13 19:42:29.843  4345  4345 D ScreenView_Workspace: not intercept
11-13 19:42:29.843  4345  4345 D Launcher.CellLayout: touch item:ShortcutInfo, id=405, itemType=0, user=UserHandle{0}, mIconType=0, pkgName=com.lcy.taskcollection, className=com.lcy.taskcollection.MainActivity, screenId=7, container=-100, cellX=1, cellY=4, spanX=1, spanY=1
11-13 19:42:29.844  4345  4345 D Launcher.itemIcon: folmeDown
11-13 19:42:29.845  4345  4515 D Launcher.Boost: bindcore 200
11-13 19:42:29.882  4731  4731 W ThreadPoolForeg: type=1400 audit(0.0:54570): avc: denied { write } for name="traced_producer" dev="tmpfs" ino=1517 scontext=u:r:gmscore_app:s0:c512,c768 tcontext=u:object_r:traced_producer_socket:s0 tclass=sock_file permissive=0 app=com.google.android.gms
11-13 19:42:29.930  2339  3147 D MIUIInput: [MotionEvent] publisher action=0x1, 23640341, channel '45bd6c4 com.miui.home/com.miui.home.launcher.Launcher (server)'
11-13 19:42:29.931  4345  4345 D Launcher.Workspace: Workspace touch up or cancel
11-13 19:42:29.931  4345  4345 D ScreenView_Workspace: oninterceput up
11-13 19:42:29.932  4345  4345 D Launcher.itemIcon: folmeUp
11-13 19:42:29.933  4345  4345 E QuickstepAppTransitionManagerImpl: getActivityLaunchOptions   iconLoc=Rect(381, 1540 - 568, 1727)
--------- beginning of system
11-13 19:42:29.937  2339  4948 W XSpaceManagerServiceImpl: checkXSpaceControl, from:com.miui.home, to:com.lcy.taskcollection, with act:android.intent.action.MAIN, callingUserId:0, toUserId:0
11-13 19:42:29.939  2339  4948 I ActivityTaskManager: START u0 {act=android.intent.action.MAIN cat=[android.intent.category.LAUNCHER] flg=0x10200000 cmp=com.lcy.taskcollection/.MainActivity bnds=[381,1540][568,1727] (has extras)} from uid 10086 from pid 4345 callingPackage com.miui.home
11-13 19:42:29.943  2339  4948 D PerfImpl: perfHint
11-13 19:42:29.943  2339  4948 D PerfImpl: perfHint
11-13 19:42:29.944  2339  4948 D PerfImpl: perfGetFeedback
11-13 19:42:29.944  1232  1410 E ANDR-PERF-LM: MetaMeter: handleAsync() 166: AdaptLaunch Invalid Async
11-13 19:42:29.944  2339  4948 D PerfImpl: perfHint
11-13 19:42:29.945  2339  4948 D PerfImpl: perfIOPrefetchStart
11-13 19:42:29.945  2339  4948 E ANDR-PERF-JNI: com_qualcomm_qtiperformance_native_perf_io_prefetch_start
11-13 19:42:29.945  1232  1410 E ANDR-PERF-LM: MetaMeter: handleAsync() 166: AdaptLaunch Invalid Async
11-13 19:42:29.947  2339  4948 W ActivityTaskManager: Can't find TaskDisplayArea to determine support for multi window. Task id=31915 attached=false
11-13 19:42:29.949  1226  5358 E ANDR-IOP: io prefetch is disabled
11-13 19:42:29.950  2339  4948 D PerfImpl: perfColdLaunchBoost: android, -1, 1
11-13 19:42:29.950  2339  4948 D PerfImpl: perfColdLaunchBoost: android, -1, 1
11-13 19:42:29.965  4327  4327 V ShadeControllerImpl: NotificationShadeWindow: com.android.systemui.statusbar.phone.NotificationShadeWindowView{56ed355 I.E...... ......ID 0,0-1220,2712} canPanelBeCollapsed(): false
11-13 19:42:29.965  4327  4327 I OneHandedController: stopOneHanded mState=STATE_NONE
11-13 19:42:29.968  6443  6631 D IdProviderImpl: getOAID from com.miui.analytics
11-13 19:42:29.971  4345  4345 D Launcher.Lifecycle: onPause:UserHandle{0},b3a75e2,true
11-13 19:42:29.971  4345  4345 D Launcher_UnlockAnimationStateMachine: setState:PAUSE_WAIT
11-13 19:42:29.971  6954 29388 D LauncherOverlay: setActivityState:1
11-13 19:42:29.972  6954  6954 D LauncherOverlay.Window: onPause
11-13 19:42:29.973  2339  5086 D PerfImpl: perfAnimBoost: com.lcy.taskcollection
11-13 19:42:29.985  4048  4125 D HomeWallpaperRenderer: OFFSET  x: 1.0  y: 0.0
11-13 19:42:29.985  4345  4508 D TaskStackChangeListeners: onTaskDisplayChanged =  taskId = 31915 newDisplayId = 0
11-13 19:42:29.987  4327  4327 I OneHandedController: stopOneHanded mState=STATE_NONE
11-13 19:42:29.987  4327  4327 I OneHandedController: stopOneHanded mState=STATE_NONE
11-13 19:42:29.989  4345  4345 D Launcher.Lifecycle: onWindowFocusChanged:false,UserHandle{0},b3a75e2,true
11-13 19:42:29.989  4345  4345 D DecorView[Launcher]: onWindowFocusChanged hasWindowFocus false
11-13 19:42:29.996  1109  1109 D Zygote  : Forked child process 8219
11-13 19:42:29.996  2339  2651 D PerfImpl: perfColdLaunchBoost: com.lcy.taskcollection, 8219, 101
11-13 19:42:29.997  2339  4948 I WindowManagerService: Physical orientation not applied, rotation=0
11-13 19:42:29.997  1232  1410 E ANDR-PERF-LM: MetaMeter: handleAsync() 166: AdaptLaunch Invalid Async
11-13 19:42:29.999  2339  2651 I ActivityManager: Start proc 8219:com.lcy.taskcollection/u0a340 for pre-top-activity {com.lcy.taskcollection/com.lcy.taskcollection.MainActivity} caller=others
11-13 19:42:29.999  2339  8220 W ContextImpl: Calling a method in the system process without a qualified user: android.app.ContextImpl.sendBroadcast:1183 com.qualcomm.qti.Performance$SendGameLaunchBroadcast.run:247 java.lang.Thread.run:920 <bottom of call stack> <bottom of call stack> 
11-13 19:42:29.999  4048  4125 D HomeWallpaperRenderer: OFFSET  x: 1.0  y: 0.0
11-13 19:42:29.999  4048  4125 D HomeWallpaperRenderer: OFFSET  x: 1.0  y: 0.0
11-13 19:42:29.998  4327  4327 W RenderThread: type=1400 audit(0.0:54571): avc: denied { read write } for name="metis" dev="tmpfs" ino=732 scontext=u:r:system_app:s0 tcontext=u:object_r:migt_dev:s0 tclass=chr_file permissive=0
11-13 19:42:30.006  8219  8219 E .taskcollectio: Not starting debugger since process cannot load the jdwp agent.
11-13 19:42:30.007  4048  4125 D HomeWallpaperRenderer: OFFSET  x: 1.0  y: 0.0
11-13 19:42:30.009  6117 14924 W SQLiteLog: (28) double-quoted string literal: "com.lcy.taskcollection"
11-13 19:42:30.013  4048  4125 D HomeWallpaperRenderer: OFFSET  x: 1.0  y: 0.0
11-13 19:42:30.016  8219  8219 I MessageMonitor: Load libmiui_runtime
11-13 19:42:30.020  2339  3397 D SymlinkUtils: attachApplication file op go pass: 0 ms
11-13 19:42:30.020  2339  3397 D PerfImpl: perfColdLaunchBoost: com.lcy.taskcollection, 8219, 103
11-13 19:42:30.021  2339  2582 I SmartPower.com.lcy.taskcollection/10340(0): died->visible(148719ms) R(become visible) adj=-10000.
11-13 19:42:30.021  2339  3640 I SmartPower: com.lcy.taskcollection/10340 state=died adj=700 proc size=1 move to foreground become visible
11-13 19:42:30.022  1232  1410 E ANDR-PERF-LM: MetaMeter: handleAsync() 166: AdaptLaunch Invalid Async
11-13 19:42:30.028  4345  4508 E LauncherAnimationRunner: onAnimationStart
11-13 19:42:30.028  4345  4508 E LauncherAnimationRunner: onAnimationStart:   mode=1   taskId=2   isTranslucent=false
11-13 19:42:30.028  4345  4508 E LauncherAnimationRunner: onAnimationStart:   mode=0   taskId=31915   isTranslucent=false
11-13 19:42:30.029  4345  4345 E QuickstepAppTransitionManagerImpl: startIconLaunchAnimator:launcherClosing=true   iconLoc=Rect(381, 1540 - 568, 1727)
11-13 19:42:30.029  4345  4345 E QuickstepAppTransitionManagerImpl: startOpeningWindowAnimators:iconLoc=Rect(381, 1540 - 568, 1727)
11-13 19:42:30.029  4345  4345 E ClipAnimationHelper: updateSourceStack  mSourceInsets=Rect(0, 88 - 0, 48), mSourceStackBounds=Rect(0, 0 - 1220, 2712)
11-13 19:42:30.029  4345  4345 E ClipAnimationHelper: updateHomeStack  mSourceInsets=Rect(0, 88 - 0, 48), mHomeStackBounds=Rect(0, 0 - 1220, 2712)
11-13 19:42:30.029  4345  4345 E ClipAnimationHelper: updateTargetRect  mSourceRect=RectF(0.0, 88.0, 1220.0, 2800.0)   mTargetRect=RectF(0.0, 0.0, 1220.0, 2712.0)   mSourceWindowClipInsets=RectF(0.0, 88.0, 0.0, 0.0)   mHomeStackBounds=Rect(0, 0 - 1220, 2712)   targetRect=Rect(0, 0 - 1220, 2712)
11-13 19:42:30.029  4345  4345 I QuickstepAppTransitionManagerImpl: startOpeningWindowAnimators, currentDisplayRotation=0, homeRotation=0, startRectF=RectF(388.0, 1547.0, 561.0, 1720.0), endRectF=RectF(0.0, 0.0, 1220.0, 2712.0), startRadius = 282.08093, endRadius = 90.0, isUseTranslucentAnim = false
11-13 19:42:30.029  2339  3634 D SchedBoost: startBoostInternal 2000
11-13 19:42:30.029  2339  3634 D SchedBoost: ready to boost
11-13 19:42:30.030  4345  4345 W DimLayer: createDimLayer
11-13 19:42:30.030  2339  3634 D SchedBoost: startBoostInternal 2000
11-13 19:42:30.030  2339  3634 D SchedBoost: ready to boost
11-13 19:42:30.030  4345  4345 E QuickstepAppTransitionManagerImpl: startLauncherContentAnimator:isAppOpening=true
11-13 19:42:30.030  4345 11043 W FloatingIconLayer: getFloatingIconLayer
11-13 19:42:30.026  1232  1232 W perf-hal-servic: type=1400 audit(0.0:54572): avc: denied { search } for name="2339" dev="proc" ino=59536 scontext=u:r:vendor_hal_perf_default:s0 tcontext=u:r:system_server:s0 tclass=dir permissive=0
11-13 19:42:30.026  1232  1232 W perf-hal-servic: type=1400 audit(0.0:54573): avc: denied { search } for name="2339" dev="proc" ino=59536 scontext=u:r:vendor_hal_perf_default:s0 tcontext=u:r:system_server:s0 tclass=dir permissive=0
11-13 19:42:30.031  4345 11043 W FloatingIconLayer: drawIcon
11-13 19:42:30.031  2095  2205 I mstatdaemon: Entering time loop
11-13 19:42:30.031  2095  2205 I mstatdaemon: t = 1763034150
11-13 19:42:30.031  2095  2205 I mstatdaemon: translated_t = 1447044150
11-13 19:42:30.031  2095  2205 I mstat_log: mstatcommitLog log_alloc() failed
11-13 19:42:30.030  4345  4345 W RenderThread: type=1400 audit(0.0:54574): avc: denied { read write } for name="metis" dev="tmpfs" ino=732 scontext=u:r:platform_app:s0:c512,c768 tcontext=u:object_r:migt_dev:s0 tclass=chr_file permissive=0 app=com.miui.home
11-13 19:42:30.033  4048  4125 D HomeWallpaperRenderer: OFFSET  x: 1.0  y: 0.0
11-13 19:42:30.034  1464  2371 I NTKernel: [I] kernel_depends.cpp(873)::GetAppActiveStatus Get app active status
11-13 19:42:30.035  4048  4125 D HomeWallpaperRenderer: OFFSET  x: 1.0  y: 0.0
11-13 19:42:30.035  4048  4125 D HomeWallpaperRenderer: OFFSET  x: 1.0  y: 0.0
11-13 19:42:30.038  1232  1232 W perf-hal-servic: type=1400 audit(0.0:54575): avc: denied { read } for name="cmdline" dev="proc" ino=8471073 scontext=u:r:vendor_hal_perf_default:s0 tcontext=u:r:hal_graphics_composer_default:s0 tclass=file permissive=0
11-13 19:42:30.038  1232  1232 W perf-hal-servic: type=1400 audit(0.0:54576): avc: denied { read } for name="comm" dev="proc" ino=8471074 scontext=u:r:vendor_hal_perf_default:s0 tcontext=u:r:hal_graphics_composer_default:s0 tclass=file permissive=0
11-13 19:42:30.041  1464  8238 I NTKernel: [I] kernel_depend_adapter.cc(651)::onResult [kernel_depend_adapter]->Get app active status:2
11-13 19:42:30.041  1464  8238 D KernelService: getAppActiveStatus :2
11-13 19:42:30.041  8219  8219 D CompatibilityChangeReporter: Compat change id reported: 171979766; UID 10340; state: ENABLED
11-13 19:42:30.045  8219  8239 D AppScoutStateMachine: 8219-ScoutStateMachinecreated
11-13 19:42:30.046  5915 16752 W MQSService: CallerName:com.lcy.taskcollection,calling Uid:10340
11-13 19:42:30.048  5915 16752 D MQSService: registerApplicationScoutThread pid = 8219, packageName = com.lcy.taskcollection
11-13 19:42:30.048  6332 10745 I ProcessMonitor: onForegroundInfoChanged: ForegroundInfo{mForegroundPackageName='com.lcy.taskcollection', mForegroundUid=10340, mForegroundPid=8219, mLastForegroundPackageName='com.miui.home', mLastForegroundUid=10086, mLastForegroundPid=4345, mMultiWindowForegroundPackageName='com.lcy.taskcollection', mMultiWindowForegroundUid=10340, mFlags=1}
11-13 19:42:30.048  6051  6072 I SLM-SRV-SLAToast: foreground uid:10340, isColdStart:true, isLinkTurboEnable:false
11-13 19:42:30.050  9676  7225 I GST     : forePkg: com.lcy.taskcollection, preForePkg: com.miui.home
11-13 19:42:30.050  4345  4515 D Launcher.Boost: bindcore 88
11-13 19:42:30.050  6332 11085 D x1      : myUserId = 0	currentUserId0
11-13 19:42:30.050  4345  9673 D AppObserver: ForegroundInfo{mForegroundPackageName='com.lcy.taskcollection', mForegroundUid=10340, mForegroundPid=8219, mLastForegroundPackageName='com.miui.home', mLastForegroundUid=10086, mLastForegroundPid=4345, mMultiWindowForegroundPackageName='com.lcy.taskcollection', mMultiWindowForegroundUid=10340, mFlags=1}
11-13 19:42:30.050  2339  3242 I MiuiNetworkPolicyTrafficLimit: updateWhiteListUidForMobileTraffic uid=10340,add=true
11-13 19:42:30.050  2339  3242 D MiuiNetworkPolicyTrafficLimit: updateWhiteListUidForMobileTraffic rst=true
11-13 19:42:30.050  6332 10745 I GameBoosterService: onForegroundInfoChanged: Cur=com.lcy.taskcollection	 last=com.miui.home
11-13 19:42:30.051  6263 12097 D PerfEngineController: ForegroundInfo{mForegroundPackageName='com.lcy.taskcollection', mForegroundUid=10340, mForegroundPid=8219, mLastForegroundPackageName='com.miui.home', mLastForegroundUid=10086, mLastForegroundPid=4345, mMultiWindowForegroundPackageName='com.lcy.taskcollection', mMultiWindowForegroundUid=10340, mFlags=1}
11-13 19:42:30.051 27854 27868 D AutoInstallService: onForegroundInfoChanged: com.lcy.taskcollection
11-13 19:42:30.052  6332 10745 D GameBoosterService: onGameStatusChange foreground:ForegroundInfo{mForegroundPackageName='com.lcy.taskcollection', mForegroundUid=10340, mForegroundPid=8219, mLastForegroundPackageName='com.miui.home', mLastForegroundUid=10086, mLastForegroundPid=4345, mMultiWindowForegroundPackageName='com.lcy.taskcollection', mMultiWindowForegroundUid=10340, mFlags=1}
11-13 19:42:30.052  6332 10745 I VideoBoxUtils: isSupportVideoBox: true
11-13 19:42:30.052  6332 10745 I VideoToolBoxService: vtb is closed!!!
11-13 19:42:30.052  6332  9553 E SuggestManager: openApp name = com.lcy.taskcollection
11-13 19:42:30.052  6332  9553 I NewAutoTaskManager: app use - delay = 9223372036854775807, doRemove = false, doPost = false
11-13 19:42:30.053  6332 10745 W ContextImpl: Calling a method in the system process without a qualified user: android.app.ContextImpl.startService:1827 android.content.ContextWrapper.startService:786 q2.b.f:39 q2.b$c.onForegroundInfoChanged:21 com.miui.gamebooster.mutiwindow.b$a.onForegroundInfoChanged:152 
11-13 19:42:30.053  4048  4125 D HomeWallpaperRenderer: OFFSET  x: 1.0  y: 0.0
11-13 19:42:30.054  4048  4125 D HomeWallpaperRenderer: OFFSET  x: 1.0  y: 0.0
11-13 19:42:30.055 29821 29835 I AICall_MemoryTrim: Binder:29821_2 onAppBackground()
11-13 19:42:30.056  6263  7596 D LS-ForegroundStatusManager: handleMessage ForegroundInfoChanged. pkg = com.lcy.taskcollection, uid = 10340, mCurrentForegroundUid = 10086
11-13 19:42:30.056  6263  7900 D ThermalIECHandler: IECAll48Allowed: false; IECMonitorAllowed: false; IECTestState: false
11-13 19:42:30.056  6263  7507 D BL-BatteryLifeChecker:  onMessage. what = -10
11-13 19:42:30.056  6263  7507 D BL-BatteryLifeChecker:  onMessage. Foreground uid = 10086, isForeground = false
11-13 19:42:30.056  6263  7507 D BL-BatteryLifeChecker:  onMessage. what = -10
11-13 19:42:30.057  6263  8213 I ThermalInfoCollector: collectForgroundAppsInfo: com.miui.home
11-13 19:42:30.057  6263  7596 D LS-ForegroundStatusManager: onForegroundChanged mCurrentForegroundUid = 10086, new uid = 10340
11-13 19:42:30.059  8219  8219 V GraphicsEnvironment: ANGLE Developer option for 'com.lcy.taskcollection' set to: 'default'
11-13 19:42:30.060  6263  7507 D BL-BSHelper: getCurrentBatteryCapacity capacity=1670
11-13 19:42:30.060  6263  7507 D BL-BSHelper: getChargeCounterShift sChargeCounterShift=1
11-13 19:42:30.060  6263  7507 D BL-BSHelper: getCurrentBatteryCap result=1670.0
11-13 19:42:30.061  8219  8219 V GraphicsEnvironment: ANGLE GameManagerService for com.lcy.taskcollection: false
11-13 19:42:30.061  8219  8219 V GraphicsEnvironment: Updatable production driver is not supported on the device.
11-13 19:42:30.061  4048  4125 D HomeWallpaperRenderer: OFFSET  x: 1.0  y: 0.0
11-13 19:42:30.061  6263  7507 D BL-BSHelper: getCurrentBatteryCapacity capacity=1670
11-13 19:42:30.061  6263  7507 D BL-BSHelper: getChargeCounterShift sChargeCounterShift=1
11-13 19:42:30.061  6263  7507 D BL-BSHelper: getCurrentBatteryCap result=1670.0
11-13 19:42:30.061  6263  7507 D BL-BatteryLifeChecker:  onMessage. Foreground uid = 10340, isForeground = true
11-13 19:42:30.062  8219  8219 I ForceDarkHelperStubImpl: initialize for com.lcy.taskcollection , ForceDarkOrigin
11-13 19:42:30.063  8219  8219 D OpenGLRenderer: JNI_OnLoad success
11-13 19:42:30.063  8219  8219 I MiuiForceDarkConfig: setConfig density:3.000000, mainRule:0, secondaryRule:0, tertiaryRule:0
11-13 19:42:30.064  8219  8219 D NetworkSecurityConfig: No Network Security Config specified, using platform default
11-13 19:42:30.064  8219  8219 D NetworkSecurityConfig: No Network Security Config specified, using platform default
11-13 19:42:30.066  4013  6025 D BtGatt.GattService: getDeviceType() - device=F8:4E:17:11:A6:88, type=1
11-13 19:42:30.066  4013  6025 D BtGatt.GattService: getDeviceType() - device=08:16:D5:D5:A7:B7, type=2
11-13 19:42:30.066  4013  6025 D BtGatt.GattService: getDeviceType() - device=1C:99:57:1D:7A:76, type=1
11-13 19:42:30.066  4013  6025 D BtGatt.GattService: getDeviceType() - device=18:B9:6E:F1:B4:20, type=1
11-13 19:42:30.068  6332 10745 I BeautyService: onForegroundInfoChanged: Cur=com.lcy.taskcollection	 last=com.miui.home
11-13 19:42:30.069  4048  4125 D HomeWallpaperRenderer: OFFSET  x: 1.0  y: 0.0
11-13 19:42:30.071  4013  6025 D BtGatt.GattService: getDeviceType() - device=F8:4E:17:11:A6:88, type=1
11-13 19:42:30.071  4013  6025 D BtGatt.GattService: getDeviceType() - device=08:16:D5:D5:A7:B7, type=2
11-13 19:42:30.071  4013  6025 D BtGatt.GattService: getDeviceType() - device=1C:99:57:1D:7A:76, type=1
11-13 19:42:30.071  4013  6025 D BtGatt.GattService: getDeviceType() - device=18:B9:6E:F1:B4:20, type=1
11-13 19:42:30.073  8219  8244 E QXPerf  : Couldn't load BLASTBufferQueue Class
11-13 19:42:30.073  8219  8244 E QXPerf  : Couldn't find UndequeuedBufferCount functions
11-13 19:42:30.075  8219  8219 W SoLoader: Initializing SoLoader: 0
11-13 19:42:30.075  8219  8219 W SoLoader: Recording new base apk path: /data/app/~~enh1b-JkdEXh02qX3sPFNg==/com.lcy.taskcollection-Aeov0gmH_wRAv1OzgVQ6GA==/base.apk
11-13 19:42:30.075  8219  8219 W SoLoader: Previously recorded 0 base apk paths.
11-13 19:42:30.076  8219  8219 I SoLoader: Preparing SO source: DirectorySoSource[root = /vendor/lib64 flags = 2]
11-13 19:42:30.076  8219  8219 I SoLoader: Preparing SO source: DirectorySoSource[root = /system/lib64 flags = 2]
11-13 19:42:30.076  8219  8219 I SoLoader: Preparing SO source: DirectApkSoSource[root = [/data/app/~~enh1b-JkdEXh02qX3sPFNg==/com.lcy.taskcollection-Aeov0gmH_wRAv1OzgVQ6GA==/base.apk!/lib/arm64-v8a]]
11-13 19:42:30.077  4048  4125 D HomeWallpaperRenderer: OFFSET  x: 1.0  y: 0.0
11-13 19:42:30.077  6263  9330 I MultiScreenObserver: onTaskStackChanged, splitScreenMode: false isCameraFloat: false isSmallScreen: false
11-13 19:42:30.077  6332 10745 I SCTaskStackListener: onTaskStackChanged! inSplit = false
11-13 19:42:30.077  4345  9673 D RecentsModel: onTaskStackChangedBackground
11-13 19:42:30.078  4345  4768 D RecentsModel: onTaskStackChangedBackground    MSG_TASK_STACK_CHANGE
11-13 19:42:30.078  4345  4768 D RecentsModel: preloadRecents
11-13 19:42:30.078  4345  4768 W RecentsModel: getRunningTask
11-13 19:42:30.078  6332 11085 I SCTaskStackListener: onTaskStackChanged! inSplit = false
11-13 19:42:30.078  4345  4768 W RecentsModel: getRunningTask   taskInfo=TaskInfo{userId=0 pcFlags:0 taskId=31915 displayId=0 isRunning=true baseIntent=Intent { act=android.intent.action.MAIN cat=[android.intent.category.LAUNCHER] flg=0x10200000 cmp=com.lcy.taskcollection/.MainActivity } baseActivity=ComponentInfo{com.lcy.taskcollection/com.lcy.taskcollection.MainActivity} topActivity=ComponentInfo{com.lcy.taskcollection/com.lcy.taskcollection.MainActivity} origActivity=null realActivity=ComponentInfo{com.lcy.taskcollection/com.lcy.taskcollection.MainActivity} numActivities=1 lastActiveTime=47280379 supportsSplitScreenMultiWindow=true supportsMultiWindow=true resizeMode=1 isResizeable=true token=WCT{android.window.IWindowContainerToken$Stub$Proxy@c4f83c7} topActivityType=1 pictureInPictureParams=PictureInPictureParams( aspectRatio=null sourceRectHint=null hasSetActions=false isAutoPipEnabled=false isSeamlessResizeEnabled=true) displayCutoutSafeInsets=Rect(0, 88 - 0, 0) topActivityInfo=ActivityInfo{aebedf4 com.lcy.taskcollection.MainActivity} launchCookies=[] positionInParent=Point(0, 0) parentTaskId=-1 isFocused=false isVisible=true topActivityInSizeCompat=false topActivityInMiuiSizeCompat=false locusId= null windowMode=0}
11-13 19:42:30.078  4345  4768 W RecentsModel: getTaskInfoIgnoreHomeAndFreeform   taskInfo=ComponentInfo{com.lcy.taskcollection/com.lcy.taskcollection.MainActivity}
11-13 19:42:30.080  8219  8219 I SoLoader: Preparing SO source: ApplicationSoSource[DirectorySoSource[root = /data/app/~~enh1b-JkdEXh02qX3sPFNg==/com.lcy.taskcollection-Aeov0gmH_wRAv1OzgVQ6GA==/lib/arm64 flags = 0]]
11-13 19:42:30.080  8219  8219 I SoLoader: init finish: 4 SO sources prepared
11-13 19:42:30.080  8219  8219 W SoLoader: SoLoader initialized: 8
11-13 19:42:30.080  4345  4768 E ActivityManagerWrapper: get all recent tasks force including 31915
11-13 19:42:30.081  4345  4420 D StatusBarController: handleMessage: flag 800000  disable false
11-13 19:42:30.082  4345  4345 D Launcher_WallpaperUtils: changeStatusBarMode:false
11-13 19:42:30.083  4345  4768 E ActivityManagerWrapper: getRecentTasks: size=12
11-13 19:42:30.083  4345  4768 E ActivityManagerWrapper: getRecentTasks: taskId=31915   userId=0   baseIntent=Intent { act=android.intent.action.MAIN cat=[android.intent.category.LAUNCHER] flg=0x10200000 cmp=com.lcy.taskcollection/.MainActivity }
11-13 19:42:30.084  4345  4768 E ActivityManagerWrapper: getRecentTasks: taskId=31914   userId=0   baseIntent=Intent { act=android.settings.APPLICATION_DETAILS_SETTINGS dat=package:com.lcy.taskcollection flg=0x10008000 cmp=com.android.settings/.applications.InstalledAppDetails }
11-13 19:42:30.084  4345  4768 E ActivityManagerWrapper: getRecentTasks: taskId=31875   userId=0   baseIntent=Intent { act=android.intent.action.MAIN cat=[android.intent.category.LAUNCHER] flg=0x10200000 cmp=com.android.browser/.launch.SplashActivity }
11-13 19:42:30.084  4345  4768 E ActivityManagerWrapper: getRecentTasks: taskId=31907   userId=0   baseIntent=Intent { act=android.intent.action.MAIN cat=[android.intent.category.LAUNCHER] flg=0x10200000 cmp=com.android.fileexplorer/.FileExplorerTabActivity }
11-13 19:42:30.084  4345  4768 E ActivityManagerWrapper: getRecentTasks: taskId=31906   userId=0   baseIntent=Intent { act=android.intent.action.MAIN cat=[android.intent.category.LAUNCHER] flg=0x10200000 cmp=com.jingdong.app.mall/.MainFrameActivity }
11-13 19:42:30.084  4345  4768 E ActivityManagerWrapper: getRecentTasks: taskId=31862   userId=0   baseIntent=Intent { act=android.intent.action.MAIN cat=[android.intent.category.LAUNCHER] flg=0x10200000 cmp=com.sankuai.meituan/com.meituan.android.pt.homepage.activity.MainActivity }
11-13 19:42:30.084  4345  4768 E ActivityManagerWrapper: getRecentTasks: taskId=31851   userId=0   baseIntent=Intent { act=android.intent.action.MAIN cat=[android.intent.category.LAUNCHER] flg=0x10200000 cmp=com.tencent.mm/.ui.LauncherUI }
11-13 19:42:30.084  4345  4768 E ActivityManagerWrapper: getRecentTasks: taskId=31905   userId=0   baseIntent=Intent { flg=0x34000000 cmp=com.tencent.mm/.plugin.finder.ui.FinderHomeAffinityUI }
11-13 19:42:30.084  4345  4768 E ActivityManagerWrapper: getRecentTasks: taskId=31880   userId=0   baseIntent=Intent { act=android.intent.action.MAIN cat=[android.intent.category.LAUNCHER] flg=0x10200000 cmp=com.android.settings/.MainSettings }
11-13 19:42:30.084  4345  4768 E ActivityManagerWrapper: getRecentTasks: taskId=31895   userId=0   baseIntent=Intent { act=android.intent.action.VIEW dat=content://com.android.externalstorage.documents/root/primary typ=vnd.android.document/root flg=0x10080000 pkg=com.google.android.documentsui cmp=com.google.android.documentsui/com.android.documentsui.files.FilesActivity }
11-13 19:42:30.084  4345  4768 E ActivityManagerWrapper: getRecentTasks: taskId=31882   userId=0   baseIntent=Intent { act=android.intent.action.MAIN cat=[android.intent.category.LAUNCHER] flg=0x10200000 cmp=com.android.mms/.ui.MmsTabActivity }
11-13 19:42:30.084  4345  4768 E ActivityManagerWrapper: getRecentTasks: taskId=31871   userId=0   baseIntent=Intent { act=android.intent.action.MAIN cat=[android.intent.category.LAUNCHER] flg=0x10200000 cmp=com.tencent.weread/.LauncherActivity }
11-13 19:42:30.085  4048  4125 D HomeWallpaperRenderer: OFFSET  x: 1.0  y: 0.0
11-13 19:42:30.085  8219  8219 D jni_lib_merge: Entering merged library JNI_OnLoad.
11-13 19:42:30.085  8219  8219 D jni_lib_merge: Preparing 12 pre-merged libs (including stub)
11-13 19:42:30.085  8219  8219 D jni_lib_merge: Preparing to register libfabricjni_so.  onload_func: 0x70896b5edc
11-13 19:42:30.085  8219  8219 D jni_lib_merge: Preparing to register libreact_devsupportjni_so.  onload_func: 0x7089786f40
11-13 19:42:30.085  8219  8219 D jni_lib_merge: Preparing to register libreact_featureflagsjni_so.  onload_func: 0x70897999f8
11-13 19:42:30.085  8219  8219 D jni_lib_merge: Preparing to register libreact_newarchdefaults_so.  onload_func: 0x70897bee30
11-13 19:42:30.085  8219  8219 D jni_lib_merge: Preparing to register libreactnativeblob_so.  onload_func: 0x70898515b0
11-13 19:42:30.085  8219  8219 D jni_lib_merge: Preparing to register libreactnativejni_so.  onload_func: 0x708986bb24
11-13 19:42:30.085  8219  8219 D jni_lib_merge: Preparing to register libreactnativejni_common_so.  onload_func: 0x7089872458
11-13 19:42:30.085  8219  8219 D jni_lib_merge: Preparing to register librninstance_so.  onload_func: 0x708988e070
11-13 19:42:30.085  8219  8219 D jni_lib_merge: Preparing to register libturbomodulejsijni_so.  onload_func: 0x70899261a4
11-13 19:42:30.085  8219  8219 D jni_lib_merge: Preparing to register libuimanagerjni_so.  onload_func: 0x708992d7e0
11-13 19:42:30.085  8219  8219 D jni_lib_merge: Preparing to register libyoga_so.  onload_func: 0x7089934da4
11-13 19:42:30.085  8219  8219 D jni_lib_merge: About to register 11 actual methods.
11-13 19:42:30.086  6263  7900 D ThermalIECHandler: storeDataStyle: thermal_iec_monitor_persistence_data_style_iec_state; startIECTime: -1; IECScreenOffOverPeriodTime: 45839880
11-13 19:42:30.086  6263  7900 D ThermalIECHandler: storeDataStyle: thermal_iec_monitor_persistence_data_style_iec_state; startIECTime: -1; IECScreenOffOverPeriodTime: 45839880
11-13 19:42:30.088  8219  8219 D jni_lib_merge: Entering merged library JNI_OnLoad.
11-13 19:42:30.088  8219  8219 D jni_lib_merge: Preparing 12 pre-merged libs (including stub)
11-13 19:42:30.088  8219  8219 D jni_lib_merge: Preparing to register libfabricjni_so.  onload_func: 0x70896b5edc
11-13 19:42:30.088  8219  8219 D jni_lib_merge: Preparing to register libreact_devsupportjni_so.  onload_func: 0x7089786f40
11-13 19:42:30.088  8219  8219 D jni_lib_merge: Preparing to register libreact_featureflagsjni_so.  onload_func: 0x70897999f8
11-13 19:42:30.088  8219  8219 D jni_lib_merge: Preparing to register libreact_newarchdefaults_so.  onload_func: 0x70897bee30
11-13 19:42:30.088  8219  8219 D jni_lib_merge: Preparing to register libreactnativeblob_so.  onload_func: 0x70898515b0
11-13 19:42:30.088  8219  8219 D jni_lib_merge: Preparing to register libreactnativejni_so.  onload_func: 0x708986bb24
11-13 19:42:30.088  8219  8219 D jni_lib_merge: Preparing to register libreactnativejni_common_so.  onload_func: 0x7089872458
11-13 19:42:30.088  8219  8219 D jni_lib_merge: Preparing to register librninstance_so.  onload_func: 0x708988e070
11-13 19:42:30.088  8219  8219 D jni_lib_merge: Preparing to register libturbomodulejsijni_so.  onload_func: 0x70899261a4
11-13 19:42:30.088  8219  8219 D jni_lib_merge: Preparing to register libuimanagerjni_so.  onload_func: 0x708992d7e0
11-13 19:42:30.088  8219  8219 D jni_lib_merge: Preparing to register libyoga_so.  onload_func: 0x7089934da4
11-13 19:42:30.088  8219  8219 D jni_lib_merge: About to register 11 actual methods.
11-13 19:42:30.089  8219  8219 D jni_lib_merge: Entering merged library JNI_OnLoad.
11-13 19:42:30.089  8219  8219 D jni_lib_merge: Preparing 12 pre-merged libs (including stub)
11-13 19:42:30.089  8219  8219 D jni_lib_merge: Preparing to register libfabricjni_so.  onload_func: 0x70896b5edc
11-13 19:42:30.089  8219  8219 D jni_lib_merge: Preparing to register libreact_devsupportjni_so.  onload_func: 0x7089786f40
11-13 19:42:30.089  8219  8219 D jni_lib_merge: Preparing to register libreact_featureflagsjni_so.  onload_func: 0x70897999f8
11-13 19:42:30.089  8219  8219 D jni_lib_merge: Preparing to register libreact_newarchdefaults_so.  onload_func: 0x70897bee30
11-13 19:42:30.089  8219  8219 D jni_lib_merge: Preparing to register libreactnativeblob_so.  onload_func: 0x70898515b0
11-13 19:42:30.089  8219  8219 D jni_lib_merge: Preparing to register libreactnativejni_so.  onload_func: 0x708986bb24
11-13 19:42:30.089  8219  8219 D jni_lib_merge: Preparing to register libreactnativejni_common_so.  onload_func: 0x7089872458
11-13 19:42:30.089  8219  8219 D jni_lib_merge: Preparing to register librninstance_so.  onload_func: 0x708988e070
11-13 19:42:30.089  8219  8219 D jni_lib_merge: Preparing to register libturbomodulejsijni_so.  onload_func: 0x70899261a4
11-13 19:42:30.089  8219  8219 D jni_lib_merge: Preparing to register libuimanagerjni_so.  onload_func: 0x708992d7e0
11-13 19:42:30.089  8219  8219 D jni_lib_merge: Preparing to register libyoga_so.  onload_func: 0x7089934da4
11-13 19:42:30.089  8219  8219 D jni_lib_merge: About to register 11 actual methods.
11-13 19:42:30.091  8219  8219 D jni_lib_merge: Entering merged library JNI_OnLoad.
11-13 19:42:30.091  8219  8219 D jni_lib_merge: Preparing 12 pre-merged libs (including stub)
11-13 19:42:30.091  8219  8219 D jni_lib_merge: Preparing to register libfabricjni_so.  onload_func: 0x70896b5edc
11-13 19:42:30.091  8219  8219 D jni_lib_merge: Preparing to register libreact_devsupportjni_so.  onload_func: 0x7089786f40
11-13 19:42:30.091  8219  8219 D jni_lib_merge: Preparing to register libreact_featureflagsjni_so.  onload_func: 0x70897999f8
11-13 19:42:30.091  8219  8219 D jni_lib_merge: Preparing to register libreact_newarchdefaults_so.  onload_func: 0x70897bee30
11-13 19:42:30.091  8219  8219 D jni_lib_merge: Preparing to register libreactnativeblob_so.  onload_func: 0x70898515b0
11-13 19:42:30.091  8219  8219 D jni_lib_merge: Preparing to register libreactnativejni_so.  onload_func: 0x708986bb24
11-13 19:42:30.091  8219  8219 D jni_lib_merge: Preparing to register libreactnativejni_common_so.  onload_func: 0x7089872458
11-13 19:42:30.091  8219  8219 D jni_lib_merge: Preparing to register librninstance_so.  onload_func: 0x708988e070
11-13 19:42:30.091  8219  8219 D jni_lib_merge: Preparing to register libturbomodulejsijni_so.  onload_func: 0x70899261a4
11-13 19:42:30.091  8219  8219 D jni_lib_merge: Preparing to register libuimanagerjni_so.  onload_func: 0x708992d7e0
11-13 19:42:30.091  8219  8219 D jni_lib_merge: Preparing to register libyoga_so.  onload_func: 0x7089934da4
11-13 19:42:30.091  8219  8219 D jni_lib_merge: About to register 11 actual methods.
11-13 19:42:30.092  4048  4125 D HomeWallpaperRenderer: OFFSET  x: 1.0  y: 0.0
11-13 19:42:30.096  8219  8219 D AppCompatDelegate: Checking for metadata for AppLocalesMetadataHolderService : Service not found
11-13 19:42:30.098  2339  3397 E WakePathChecker: MIUILOG-WAKEPATH invalid parameter
11-13 19:42:30.102  4048  4125 D HomeWallpaperRenderer: OFFSET  x: 1.0  y: 0.0
11-13 19:42:30.105  8219  8219 E MiuiMultiWindowUtils: initFreeFormResolutionArgs failed, device is diting
11-13 19:42:30.105  8219  8219 D IS_CTS_MODE: false
11-13 19:42:30.105  8219  8219 D MULTI_WINDOW_SWITCH_ENABLED: false
11-13 19:42:30.105  8219  8219 D IS_CTS_MODE: false
11-13 19:42:30.105  8219  8219 D MULTI_WINDOW_SWITCH_ENABLED: false
11-13 19:42:30.107  8219  8219 D DecorView[]: getWindowModeFromSystem  windowmode is 1
11-13 19:42:30.109  4048  4125 D HomeWallpaperRenderer: OFFSET  x: 1.0  y: 0.0
11-13 19:42:30.117  4345 11043 W FloatingIconLayer: release
11-13 19:42:30.117  4048  4125 D HomeWallpaperRenderer: OFFSET  x: 1.0  y: 0.0
11-13 19:42:30.131  8219  8249 D ViewContentFactory: initViewContentFetcherClass
11-13 19:42:30.131  8219  8249 D ViewContentFactory: getInterceptorPackageInfo
11-13 19:42:30.132  8219  8249 D ViewContentFactory: getInitialApplication took 1ms
11-13 19:42:30.132  8219  8249 D ViewContentFactory: packageInfo.packageName: com.miui.catcherpatch
11-13 19:42:30.132  4048  4125 D HomeWallpaperRenderer: OFFSET  x: 1.0  y: 0.0
11-13 19:42:30.135  4048  4125 D HomeWallpaperRenderer: OFFSET  x: 1.0  y: 0.0
11-13 19:42:30.135  8219  8249 D ViewContentFactory: initViewContentFetcherClass took 4ms
11-13 19:42:30.135  8219  8249 I ContentCatcher: ViewContentFetcher : ViewContentFetcher
11-13 19:42:30.135  8219  8249 D ViewContentFactory: createInterceptor took 4ms
11-13 19:42:30.139  8219  8252 I dev.expo.updates: {"timestamp":1763034150139,"message":"Updates state change: StartStartup, context = {isStartupProcedureRunning=true, isUpdateAvailable=false, isUpdatePending=false, isChecking=false, isDownloading=false, isRestarting=false, restartCount=0, downloadProgress=0.0, sequenceNumber=1}","code":"None","level":"info"}
11-13 19:42:30.140  8219  8219 D DecorView[]: getWindowModeFromSystem  windowmode is 1
11-13 19:42:30.140  8219  8219 D DecorView[]: updateDecorCaptionStatus displayWindowDecor is false
11-13 19:42:30.144  8219  8252 I dev.expo.updates: {"timestamp":1763034150144,"message":"embeddedAssetFileMap: embeddedAssets count = 46","code":"None","level":"info"}
11-13 19:42:30.145  8219  8252 I dev.expo.updates: {"timestamp":1763034150145,"message":"embeddedAssetFileMap: 778ffc9fe8773a878e9c30a6304784de,png => file:\/\/\/android_res\/drawable-mdpi\/node_modules_reactnavigation_elements_lib_module_assets_backicon.png","code":"None","level":"info"}
11-13 19:42:30.145  8219  8252 I dev.expo.updates: {"timestamp":1763034150145,"message":"embeddedAssetFileMap: c79c3606a1cf168006ad3979763c7e0c,png => file:\/\/\/android_res\/drawable-xhdpi\/node_modules_reactnavigation_elements_lib_module_assets_backicon.png","code":"None","level":"info"}
11-13 19:42:30.145  8219  8252 I dev.expo.updates: {"timestamp":1763034150145,"message":"embeddedAssetFileMap: 02bc1fa7c0313217bde2d65ccbff40c9,png => file:\/\/\/android_res\/drawable-xxhdpi\/node_modules_reactnavigation_elements_lib_module_assets_backicon.png","code":"None","level":"info"}
11-13 19:42:30.145  8219  8252 I dev.expo.updates: {"timestamp":1763034150145,"message":"embeddedAssetFileMap: 35ba0eaec5a4f5ed12ca16fabeae451d,png => file:\/\/\/android_res\/drawable-xxxhdpi\/node_modules_reactnavigation_elements_lib_module_assets_backicon.png","code":"None","level":"info"}
11-13 19:42:30.145  8219  8252 I dev.expo.updates: {"timestamp":1763034150145,"message":"embeddedAssetFileMap: 0a328cd9c1afd0afe8e3b1ec5165b1b4,png => file:\/\/\/android_res\/drawable\/node_modules_reactnavigation_elements_lib_module_assets_backiconmask.png","code":"None","level":"info"}
11-13 19:42:30.145  8219  8252 I dev.expo.updates: {"timestamp":1763034150145,"message":"embeddedAssetFileMap: 3cd68ccdb8938e3711da2e8831b85493,png => file:\/\/\/android_res\/drawable-mdpi\/node_modules_reactnavigation_elements_lib_module_assets_clearicon.png","code":"None","level":"info"}
11-13 19:42:30.145  8219  8252 I dev.expo.updates: {"timestamp":1763034150145,"message":"embeddedAssetFileMap: 61ca7e64b7d605716c57706cef640b9a,png => file:\/\/\/android_res\/drawable-mdpi\/node_modules_reactnavigation_elements_lib_module_assets_clearicon.png","code":"None","level":"info"}
11-13 19:42:30.145  8219  8252 I dev.expo.updates: {"timestamp":1763034150145,"message":"embeddedAssetFileMap: aff2c65b39a296d4f7e96d0f58169170,png => file:\/\/\/android_res\/drawable-xhdpi\/node_modules_reactnavigation_elements_lib_module_assets_clearicon.png","code":"None","level":"info"}
11-13 19:42:30.145  8219  8252 I dev.expo.updates: {"timestamp":1763034150145,"message":"embeddedAssetFileMap: d8e7601e3df962f83c62371ac14964d8,png => file:\/\/\/android_res\/drawable-xxhdpi\/node_modules_reactnavigation_elements_lib_module_assets_clearicon.png","code":"None","level":"info"}
11-13 19:42:30.145  8219  8252 I dev.expo.updates: {"timestamp":1763034150145,"message":"embeddedAssetFileMap: 3cd68ccdb8938e3711da2e8831b85493,png => file:\/\/\/android_res\/drawable-xxxhdpi\/node_modules_reactnavigation_elements_lib_module_assets_clearicon.png","code":"None","level":"info"}
11-13 19:42:30.145  8219  8252 I dev.expo.updates: {"timestamp":1763034150145,"message":"embeddedAssetFileMap: 0747a1317bbe9c6fc340b889ef8ab3ae,png => file:\/\/\/android_res\/drawable-mdpi\/node_modules_reactnavigation_elements_lib_module_assets_closeicon.png","code":"None","level":"info"}
11-13 19:42:30.145  8219  8252 I dev.expo.updates: {"timestamp":1763034150145,"message":"embeddedAssetFileMap: d84e297c3b3e49a614248143d53e40ca,png => file:\/\/\/android_res\/drawable-mdpi\/node_modules_reactnavigation_elements_lib_module_assets_closeicon.png","code":"None","level":"info"}
11-13 19:42:30.145  8219  8252 I dev.expo.updates: {"timestamp":1763034150145,"message":"embeddedAssetFileMap: 1190ab078c57159f4245a328118fcd9a,png => file:\/\/\/android_res\/drawable-xhdpi\/node_modules_reactnavigation_elements_lib_module_assets_closeicon.png","code":"None","level":"info"}
11-13 19:42:30.146  8219  8252 I dev.expo.updates: {"timestamp":1763034150146,"message":"embeddedAssetFileMap: 78c625386b4d0690b421eb0fc78f7b9c,png => file:\/\/\/android_res\/drawable-xxhdpi\/node_modules_reactnavigation_elements_lib_module_assets_closeicon.png","code":"None","level":"info"}
11-13 19:42:30.146  8219  8252 I dev.expo.updates: {"timestamp":1763034150146,"message":"embeddedAssetFileMap: 0747a1317bbe9c6fc340b889ef8ab3ae,png => file:\/\/\/android_res\/drawable-xxxhdpi\/node_modules_reactnavigation_elements_lib_module_assets_closeicon.png","code":"None","level":"info"}
11-13 19:42:30.146  8219  8252 I dev.expo.updates: {"timestamp":1763034150146,"message":"embeddedAssetFileMap: 4403c6117ec30c859bc95d70ce4a71d3,png => file:\/\/\/android_res\/drawable-mdpi\/node_modules_reactnavigation_elements_lib_module_assets_searchicon.png","code":"None","level":"info"}
11-13 19:42:30.146  8219  8252 I dev.expo.updates: {"timestamp":1763034150146,"message":"embeddedAssetFileMap: 069d99eb1fa6712c0b9034a58c6b57dd,png => file:\/\/\/android_res\/drawable-xhdpi\/node_modules_reactnavigation_elements_lib_module_assets_searchicon.png","code":"None","level":"info"}
11-13 19:42:30.146  8219  8252 I dev.expo.updates: {"timestamp":1763034150146,"message":"embeddedAssetFileMap: c3273c9e5321f20d1e42c2efae2578c4,png => file:\/\/\/android_res\/drawable-xxhdpi\/node_modules_reactnavigation_elements_lib_module_assets_searchicon.png","code":"None","level":"info"}
11-13 19:42:30.146  8219  8252 I dev.expo.updates: {"timestamp":1763034150146,"message":"embeddedAssetFileMap: 286d67d3f74808a60a78d3ebf1a5fb57,png => file:\/\/\/android_res\/drawable-xxxhdpi\/node_modules_reactnavigation_elements_lib_module_assets_searchicon.png","code":"None","level":"info"}
11-13 19:42:30.146  8219  8252 I dev.expo.updates: {"timestamp":1763034150146,"message":"embeddedAssetFileMap: d1ea1496f9057eb392d5bbf3732a61b7,png => file:\/\/\/android_res\/drawable\/node_modules_exporouter_assets_error.png","code":"None","level":"info"}
11-13 19:42:30.146  8219  8252 I dev.expo.updates: {"timestamp":1763034150146,"message":"embeddedAssetFileMap: 19eeb73b9593a38f8e9f418337fc7d10,png => file:\/\/\/android_res\/drawable\/node_modules_exporouter_assets_file.png","code":"None","level":"info"}
11-13 19:42:30.146  8219  8252 I dev.expo.updates: {"timestamp":1763034150146,"message":"embeddedAssetFileMap: ab19f4cbc543357183a20571f68380a3,png => file:\/\/\/android_res\/drawable\/node_modules_exporouter_assets_pkg.png","code":"None","level":"info"}
11-13 19:42:30.146  8219  8252 I dev.expo.updates: {"timestamp":1763034150146,"message":"embeddedAssetFileMap: d8b800c443b8972542883e0b9de2bdc6,png => file:\/\/\/android_res\/drawable\/node_modules_exporouter_assets_forward.png","code":"None","level":"info"}
11-13 19:42:30.146  8219  8252 I dev.expo.updates: {"timestamp":1763034150146,"message":"embeddedAssetFileMap: 412dd9275b6b48ad28f5e3d81bb1f626,png => file:\/\/\/android_res\/drawable\/node_modules_exporouter_assets_sitemap.png","code":"None","level":"info"}
11-13 19:42:30.146  8219  8252 I dev.expo.updates: {"timestamp":1763034150146,"message":"embeddedAssetFileMap: 017bc6ba3fc25503e5eb5e53826d48a8,png => file:\/\/\/android_res\/drawable\/node_modules_exporouter_assets_arrow_down.png","code":"None","level":"info"}
11-13 19:42:30.146  8219  8252 I dev.expo.updates: {"timestamp":1763034150146,"message":"embeddedAssetFileMap: 20e71bdf79e3a97bf55fd9e164041578,png => file:\/\/\/android_res\/drawable\/node_modules_exporouter_assets_unmatched.png","code":"None","level":"info"}
11-13 19:42:30.146  8219  8252 I dev.expo.updates: {"timestamp":1763034150146,"message":"embeddedAssetFileMap: 3f78af31cca60105799838a1a7a59fbd,ttf => file:\/\/\/android_res\/raw\/node_modules_expo_vectoricons_build_vendor_reactnativevectoricons_fonts_antdesign.ttf","code":"None","level":"info"}
11-13 19:42:30.146  8219  8252 I dev.expo.updates: {"timestamp":1763034150146,"message":"embeddedAssetFileMap: 31b5ffea3daddc69dd01a1f3d6cf63c5,ttf => file:\/\/\/android_res\/raw\/node_modules_expo_vectoricons_build_vendor_reactnativevectoricons_fonts_entypo.ttf","code":"None","level":"info"}
11-13 19:42:30.146  8219  8252 I dev.expo.updates: {"timestamp":1763034150146,"message":"embeddedAssetFileMap: 140c53a7643ea949007aa9a282153849,ttf => file:\/\/\/android_res\/raw\/node_modules_expo_vectoricons_build_vendor_reactnativevectoricons_fonts_evilicons.ttf","code":"None","level":"info"}
11-13 19:42:30.146  8219  8252 I dev.expo.updates: {"timestamp":1763034150146,"message":"embeddedAssetFileMap: ca4b48e04dc1ce10bfbddb262c8b835f,ttf => file:\/\/\/android_res\/raw\/node_modules_expo_vectoricons_build_vendor_reactnativevectoricons_fonts_feather.ttf","code":"None","level":"info"}
11-13 19:42:30.147  8219  8252 I dev.expo.updates: {"timestamp":1763034150147,"message":"embeddedAssetFileMap: b49ae8ab2dbccb02c4d11caaacf09eab,ttf => file:\/\/\/android_res\/raw\/node_modules_expo_vectoricons_build_vendor_reactnativevectoricons_fonts_fontisto.ttf","code":"None","level":"info"}
11-13 19:42:30.147 26487 26503 D services: [XMS][observer] ActivityObserver activityResumed packageName: com.lcy.taskcollection
11-13 19:42:30.147  8219  8252 I dev.expo.updates: {"timestamp":1763034150147,"message":"embeddedAssetFileMap: b06871f281fee6b241d60582ae9369b9,ttf => file:\/\/\/android_res\/raw\/node_modules_expo_vectoricons_build_vendor_reactnativevectoricons_fonts_fontawesome.ttf","code":"None","level":"info"}
11-13 19:42:30.147  8219  8252 I dev.expo.updates: {"timestamp":1763034150147,"message":"embeddedAssetFileMap: 1f77739ca9ff2188b539c36f30ffa2be,ttf => file:\/\/\/android_res\/raw\/node_modules_expo_vectoricons_build_vendor_reactnativevectoricons_fonts_fontawesome5_regular.ttf","code":"None","level":"info"}
11-13 19:42:30.147  8219  8252 I dev.expo.updates: {"timestamp":1763034150147,"message":"embeddedAssetFileMap: 605ed7926cf39a2ad5ec2d1f9d391d3d,ttf => file:\/\/\/android_res\/raw\/node_modules_expo_vectoricons_build_vendor_reactnativevectoricons_fonts_fontawesome5_solid.ttf","code":"None","level":"info"}
11-13 19:42:30.147  8219  8252 I dev.expo.updates: {"timestamp":1763034150147,"message":"embeddedAssetFileMap: 3b89dd103490708d19a95adcae52210e,ttf => file:\/\/\/android_res\/raw\/node_modules_expo_vectoricons_build_vendor_reactnativevectoricons_fonts_fontawesome5_brands.ttf","code":"None","level":"info"}
11-13 19:42:30.147  8219  8252 I dev.expo.updates: {"timestamp":1763034150147,"message":"embeddedAssetFileMap: 370dd5af19f8364907b6e2c41f45dbbf,ttf => file:\/\/\/android_res\/raw\/node_modules_expo_vectoricons_build_vendor_reactnativevectoricons_fonts_fontawesome6_regular.ttf","code":"None","level":"info"}
11-13 19:42:30.147  8219  8252 I dev.expo.updates: {"timestamp":1763034150147,"message":"embeddedAssetFileMap: adec7d6f310bc577f05e8fe06a5daccf,ttf => file:\/\/\/android_res\/raw\/node_modules_expo_vectoricons_build_vendor_reactnativevectoricons_fonts_fontawesome6_solid.ttf","code":"None","level":"info"}
11-13 19:42:30.147  8219  8252 I dev.expo.updates: {"timestamp":1763034150147,"message":"embeddedAssetFileMap: 56c8d80832e37783f12c05db7c8849e2,ttf => file:\/\/\/android_res\/raw\/node_modules_expo_vectoricons_build_vendor_reactnativevectoricons_fonts_fontawesome6_brands.ttf","code":"None","level":"info"}
11-13 19:42:30.147  8219  8252 I dev.expo.updates: {"timestamp":1763034150147,"message":"embeddedAssetFileMap: e20945d7c929279ef7a6f1db184a4470,ttf => file:\/\/\/android_res\/raw\/node_modules_expo_vectoricons_build_vendor_reactnativevectoricons_fonts_foundation.ttf","code":"None","level":"info"}
11-13 19:42:30.147 26487 26591 D AppUpdateXmsfLauncher: activityResumed intent : Intent { cmp=com.lcy.taskcollection/.MainActivity (has extras) }
11-13 19:42:30.147  8219  8252 I dev.expo.updates: {"timestamp":1763034150147,"message":"embeddedAssetFileMap: b4eb097d35f44ed943676fd56f6bdc51,ttf => file:\/\/\/android_res\/raw\/node_modules_expo_vectoricons_build_vendor_reactnativevectoricons_fonts_ionicons.ttf","code":"None","level":"info"}
11-13 19:42:30.147  8219  8252 I dev.expo.updates: {"timestamp":1763034150147,"message":"embeddedAssetFileMap: 6e435534bd35da5fef04168860a9b8fa,ttf => file:\/\/\/android_res\/raw\/node_modules_expo_vectoricons_build_vendor_reactnativevectoricons_fonts_materialcommunityicons.ttf","code":"None","level":"info"}
11-13 19:42:30.147  8219  8252 I dev.expo.updates: {"timestamp":1763034150147,"message":"embeddedAssetFileMap: 4e85bc9ebe07e0340c9c4fc2f6c38908,ttf => file:\/\/\/android_res\/raw\/node_modules_expo_vectoricons_build_vendor_reactnativevectoricons_fonts_materialicons.ttf","code":"None","level":"info"}
11-13 19:42:30.147  8219  8252 I dev.expo.updates: {"timestamp":1763034150147,"message":"embeddedAssetFileMap: 871378c6eab492a3e689a9385dc45a12,ttf => file:\/\/\/android_res\/raw\/node_modules_expo_vectoricons_build_vendor_reactnativevectoricons_fonts_octicons.ttf","code":"None","level":"info"}
11-13 19:42:30.147  8219  8252 I dev.expo.updates: {"timestamp":1763034150147,"message":"embeddedAssetFileMap: d2285965fe34b05465047401b8595dd0,ttf => file:\/\/\/android_res\/raw\/node_modules_expo_vectoricons_build_vendor_reactnativevectoricons_fonts_simplelineicons.ttf","code":"None","level":"info"}
11-13 19:42:30.147  8219  8252 I dev.expo.updates: {"timestamp":1763034150147,"message":"embeddedAssetFileMap: 1681f34aaca71b8dfb70756bca331eb2,ttf => file:\/\/\/android_res\/raw\/node_modules_expo_vectoricons_build_vendor_reactnativevectoricons_fonts_zocial.ttf","code":"None","level":"info"}
11-13 19:42:30.148  8219  8252 I dev.expo.updates: {"timestamp":1763034150148,"message":"Updates state change: Check, context = {isStartupProcedureRunning=true, isUpdateAvailable=false, isUpdatePending=false, isChecking=true, isDownloading=false, isRestarting=false, restartCount=0, downloadProgress=0.0, sequenceNumber=2}","code":"None","level":"info"}
11-13 19:42:30.148 26727 26757 D auth    : [XMS][Auth] ActivityObserver activityResumed packageName: com.lcy.taskcollection
11-13 19:42:30.149  4048  4125 D HomeWallpaperRenderer: OFFSET  x: 1.0  y: 0.0
11-13 19:42:30.151  4345  4345 D RecentsImpl: mActivityStateObserver com.lcy.taskcollection.MainActivity
11-13 19:42:30.151  4345  4345 W RecentsImpl: onResumed className=com.lcy.taskcollection.MainActivity   mIsInAnotherPro=false   isKeyguardLocked=false
