11-13 19:42:30.151  4345  4345 D RecentsImpl: showNavStubView
11-13 19:42:30.151  4345  4345 D NavStubView_Touch: setKeepHidden    old=false   new=false
11-13 19:42:30.151  4345  4478 W RecentsImpl: disableTouchBySwipeStatusBar    disable=false
11-13 19:42:30.151  4345  4478 D GestureStubView_Touch: disableTouchBySwipeStatusBar    old=false   new=false
11-13 19:42:30.151  4345  4478 D GestureStubView_Touch: disableTouchBySwipeStatusBar    old=false   new=false
11-13 19:42:30.151  4345  4478 W RecentsImpl: disableBackStubWindow    disableTouch=false
11-13 19:42:30.151  4345  4478 D GestureStubView_Touch: disableTouch    old=true   new=false
11-13 19:42:30.151  4345  4478 D GestureStubView_Touch: updateTouchable    old=true   new=true
11-13 19:42:30.151  4345  4478 D GestureStubView_Touch: disableTouch    old=true   new=false
11-13 19:42:30.151  4345  4478 D GestureStubView_Touch: updateTouchable    old=true   new=true
11-13 19:42:30.151  4345  4478 D RecentsImpl: showBackStubWindow  hasNavigationBar=true
11-13 19:42:30.151  4345  4478 D GestureStubView_Touch: setKeepHidden    old=true   new=false
11-13 19:42:30.151  4345  4478 D GestureStubView_Touch: updateTouchable    old=true   new=false
11-13 19:42:30.151  4345  4478 D GestureStubView_Touch:   updateTouchable---requestApplyInsets
11-13 19:42:30.151  4345  4478 W GestureStubView: adaptRotation   currentRotation=0   mRotation=0
11-13 19:42:30.151  4345  4478 D GestureStubView: resetRenderProperty: showGestureStub   isLayoutParamChanged=false
11-13 19:42:30.151  4345  4478 D GestureStubView_Touch: disableTouch    old=false   new=false
11-13 19:42:30.151  4345  4478 D GestureStubView: showGestureStub
11-13 19:42:30.151  4345  4478 D GestureStubView_Touch: setKeepHidden    old=true   new=false
11-13 19:42:30.152  4345  4478 D GestureStubView_Touch: updateTouchable    old=true   new=false
11-13 19:42:30.152  4345  4478 D GestureStubView_Touch:   updateTouchable---requestApplyInsets
11-13 19:42:30.152  4345  4478 W GestureStubView: adaptRotation   currentRotation=0   mRotation=0
11-13 19:42:30.152  4345  4478 D GestureStubView: resetRenderProperty: showGestureStub   isLayoutParamChanged=false
11-13 19:42:30.152  4345  4478 D GestureStubView_Touch: disableTouch    old=false   new=false
11-13 19:42:30.152  4345  4478 D GestureStubView: showGestureStub
11-13 19:42:30.156 26487  7446 E captain : match failed, caused by java.util.regex.PatternSyntaxException: Syntax error in regexp pattern near index 1
11-13 19:42:30.156 26487  7446 E captain : *.activity.StartActivity
11-13 19:42:30.156 26487  7446 E captain :  ^
11-13 19:42:30.156 26487  7446 E captain : 	at com.android.icu.util.regex.PatternNative.compileImpl(Native Method)
11-13 19:42:30.156 26487  7446 E captain : 	at com.android.icu.util.regex.PatternNative.<init>(PatternNative.java:53)
11-13 19:42:30.156 26487  7446 E captain : 	at com.android.icu.util.regex.PatternNative.create(PatternNative.java:49)
11-13 19:42:30.156 26487  7446 E captain : 	at java.util.regex.Pattern.compile(Pattern.java:1429)
11-13 19:42:30.156 26487  7446 E captain : 	at java.util.regex.Pattern.<init>(Pattern.java:1404)
11-13 19:42:30.156 26487  7446 E captain : 	at java.util.regex.Pattern.compile(Pattern.java:962)
11-13 19:42:30.156 26487  7446 E captain : 	at kotlin.text.Regex.<init>(SourceFile:3)
11-13 19:42:30.156 26487  7446 E captain : 	at com.xiaomi.xms.captain.engine.repo.TrialRepo.i(Unknown Source:76)
11-13 19:42:30.156 26487  7446 E captain : 	at com.xiaomi.xms.captain.engine.repo.TrialRepo.h(Unknown Source:129)
11-13 19:42:30.156 26487  7446 E captain : 	at com.xiaomi.xms.captain.engine.repo.TrialRepo$isTargetPage$1.invokeSuspend(Unknown Source:12)
11-13 19:42:30.156 26487  7446 E captain : 	at kotlin.coroutines.jvm.internal.BaseContinuationImpl.resumeWith(Unknown Source:11)
11-13 19:42:30.156 26487  7446 E captain : 	at kotlinx.coroutines.x0.run(Unknown Source:130)
11-13 19:42:30.156 26487  7446 E captain : 	at kotlinx.coroutines.internal.m$a.run(Unknown Source:3)
11-13 19:42:30.156 26487  7446 E captain : 	at fc.k.run(Unknown Source:2)
11-13 19:42:30.156 26487  7446 E captain : 	at fc.a$a.run(Unknown Source:63)
11-13 19:42:30.156 26434  8261 W PushService: [Tid:610] [AIClientManager] begin to compute idle judge model
11-13 19:42:30.156 26487  7446 E captain : match failed, caused by java.util.regex.PatternSyntaxException: Syntax error in regexp pattern near index 1
11-13 19:42:30.156 26487  7446 E captain : *.activity.LauncherActivity
11-13 19:42:30.156 26487  7446 E captain :  ^
11-13 19:42:30.156 26487  7446 E captain : 	at com.android.icu.util.regex.PatternNative.compileImpl(Native Method)
11-13 19:42:30.156 26487  7446 E captain : 	at com.android.icu.util.regex.PatternNative.<init>(PatternNative.java:53)
11-13 19:42:30.156 26487  7446 E captain : 	at com.android.icu.util.regex.PatternNative.create(PatternNative.java:49)
11-13 19:42:30.156 26487  7446 E captain : 	at java.util.regex.Pattern.compile(Pattern.java:1429)
11-13 19:42:30.156 26487  7446 E captain : 	at java.util.regex.Pattern.<init>(Pattern.java:1404)
11-13 19:42:30.156 26487  7446 E captain : 	at java.util.regex.Pattern.compile(Pattern.java:962)
11-13 19:42:30.156 26487  7446 E captain : 	at kotlin.text.Regex.<init>(SourceFile:3)
11-13 19:42:30.156 26487  7446 E captain : 	at com.xiaomi.xms.captain.engine.repo.TrialRepo.i(Unknown Source:76)
11-13 19:42:30.156 26487  7446 E captain : 	at com.xiaomi.xms.captain.engine.repo.TrialRepo.h(Unknown Source:129)
11-13 19:42:30.156 26487  7446 E captain : 	at com.xiaomi.xms.captain.engine.repo.TrialRepo$isTargetPage$1.invokeSuspend(Unknown Source:12)
11-13 19:42:30.156 26487  7446 E captain : 	at kotlin.coroutines.jvm.internal.BaseContinuationImpl.resumeWith(Unknown Source:11)
11-13 19:42:30.156 26487  7446 E captain : 	at kotlinx.coroutines.x0.run(Unknown Source:130)
11-13 19:42:30.156 26487  7446 E captain : 	at kotlinx.coroutines.internal.m$a.run(Unknown Source:3)
11-13 19:42:30.156 26487  7446 E captain : 	at fc.k.run(Unknown Source:2)
11-13 19:42:30.156 26487  7446 E captain : 	at fc.a$a.run(Unknown Source:63)
11-13 19:42:30.157 26434  8261 W PushService: [Tid:610] [AIClientManager] start to call idle judge model with id: 91
11-13 19:42:30.157 26434  8261 I ClientAI_SDK_ClientAIManager: wait for service connect...
11-13 19:42:30.157 26434  8261 I ClientAI_SDK_ClientAIManager: service has already been connected, skip.
11-13 19:42:30.157 26434  8261 I ClientAI_SDK_ClientAIManager: service connect has cost 0ms.
11-13 19:42:30.157 26434  8261 I ClientAI_SDK_ClientAIManager: remaining timeout is 500ms.
11-13 19:42:30.157 26434  8261 I ClientAI_SDK_ClientAIManager: wait for zone sync...
11-13 19:42:30.157 26434  8261 I ClientAI_SDK_ClientAIManager: zone has already been synced, skip.
11-13 19:42:30.157 26626  6541 I atom    : compute start, use com.xiaomi.xmsf's pkg=91.
11-13 19:42:30.158  4345  4478 D GestureStubView: gatherTransparentRegion: need render w:54  h:1627
11-13 19:42:30.158  4345  4478 D GestureStubView: gatherTransparentRegion: need render w:54  h:1627
11-13 19:42:30.158 26626  6541 I atom    : device verify passed.
11-13 19:42:30.159 26626  6541 I atom    : ModelPkg(id=91) has already been loaded into the cache.
11-13 19:42:30.161  6443  6631 D IdProviderImpl: getOAID from com.miui.analytics
11-13 19:42:30.164  2339  3397 I WindowManagerService: Physical orientation not applied, rotation=0
11-13 19:42:30.164 26626 27697 I atom    : ModelPkg(id=91) loading success.
11-13 19:42:30.164 26626 27697 I atom    : Biz(com.xiaomi.xmsf) permission verify passed.
11-13 19:42:30.164 26626 27697 I atom    : ModelPkg(id=91) signature verify passed.
11-13 19:42:30.164 26626 27697 I atom    : Processor(id=91) has already been loaded into the cache.
11-13 19:42:30.164 26626 27697 I atom    : ModelPkg(id=91) engine loading success.
11-13 19:42:30.166 26626 27697 I atom    : compute end, code=200, use com.xiaomi.xmsf's pkg=91.
11-13 19:42:30.166  8219  8246 I AdrenoGLES-0: QUALCOMM build                   : 85d46827a0, Idf71a216d1
11-13 19:42:30.166  8219  8246 I AdrenoGLES-0: Build Date                       : 04/24/22
11-13 19:42:30.166  8219  8246 I AdrenoGLES-0: OpenGL ES Shader Compiler Version: EV031.36.08.09
11-13 19:42:30.166  8219  8246 I AdrenoGLES-0: Local Branch                     : 
11-13 19:42:30.166  8219  8246 I AdrenoGLES-0: Remote Branch                    : 
11-13 19:42:30.166  8219  8246 I AdrenoGLES-0: Remote Branch                    : 
11-13 19:42:30.166  8219  8246 I AdrenoGLES-0: Reconstruct Branch               : 
11-13 19:42:30.166  8219  8246 I AdrenoGLES-0: Build Config                     : S P 12.1.1 AArch64
11-13 19:42:30.166  8219  8246 I AdrenoGLES-0: Driver Path                      : /vendor/lib64/egl/libGLESv2_adreno.so
11-13 19:42:30.166  8219  8246 I AdrenoGLES-0: Driver Version                   : 0615.0
11-13 19:42:30.166  4048  4125 D HomeWallpaperRenderer: OFFSET  x: 1.0  y: 0.0
11-13 19:42:30.168  4048  4125 D HomeWallpaperRenderer: OFFSET  x: 1.0  y: 0.0
11-13 19:42:30.168 26434  8261 I ConnectionInfo: [XMS][SDK_BASE_VERSION: 1.0.11] binder call invoke success source: com.xiaomi.xms.atom.IClientAI$Stub$Proxy@bb56a2d, method: public abstract java.lang.String com.xiaomi.xms.atom.IClientAI.compute(android.os.Bundle) throws android.os.RemoteException, args: [Bundle[{wait_time=500, model_id=91, input={"request_type":2,"xmsf_version":70004063,"trigger_id":"74467885963;#;21c9b9b3-2207-45ed-a53c-fba9ce00fded","device_status":{"networkType":1,"batteryLevels":42,"lowPowerMode":false},"now_front_app":"com.lcy.taskcollection","is_screen_on":true,"dnd_mode_switch":false,"game_mode_switch":false,"game_mode_switch_enabled":false}, pkg_name=com.xiaomi.xmsf}]], result: {"code":200,"data":"{\"is_device_idle\":true,\"not_idle_reason\":0}","msg":"1.4.0:success"}, serviceName: atom
11-13 19:42:30.168 26487 26591 I XMSF-XmsService: [XMS] trackEvent
11-13 19:42:30.168 26434  8261 I ClientAI_SDK_ClientAIManager: compute call success.
11-13 19:42:30.168 26434  8261 W PushService: [Tid:610] [AIClientManager] idle judge model result: isDeviceIdle=true, notIdleReason=0
11-13 19:42:30.168 26434  8261 W PushService: [Tid:610] [IdleSceneManager] idleSceneTriggerAlarm is already running don't start again.
11-13 19:42:30.169 26626  6541 E atom    : data post back failed due to miss sampling.
11-13 19:42:30.169 26487 26596 D MyLog   : -->log(1): [Tid:445] [OneTrackWrapper] -->trackXmsEvent(): Sampling result is false, sampleEvent=31000000946|xms|xms_service_interface_method_call|success
11-13 19:42:30.169 26626 27697 I atom    : try to unload cache by unused time.
11-13 19:42:30.170 26626 27697 I atom    : start checking device runtime env.
11-13 19:42:30.171  6443  6631 D IdProviderImpl: getOAID from com.miui.analytics
11-13 19:42:30.172  4345  4517 E Launcher.Transfer: transfer is closed
11-13 19:42:30.172  8219  8246 I AdrenoGLES-0: PFP: 0x01730147, ME: 0x00000000
11-13 19:42:30.175 26626 27697 I atom    : device battery is low:(
11-13 19:42:30.175 26626 27697 I atom    : try to unload cache by max count limit.
11-13 19:42:30.175  6443  6631 D IdProviderImpl: getOAID from com.miui.analytics
11-13 19:42:30.176 26626 27697 I atom    : current loading count=1 less than max limit count=1, skip.
11-13 19:42:30.180  8219  8246 W libc    : Access denied finding property "vendor.migl.debug"
11-13 19:42:30.182  1220  1737 I SDM     : HWCColorModeStc::GetColorModeCount: Supported color mode count = 3
11-13 19:42:30.182  1220  1737 I SDM     : HWCColorModeStc::GetColorModes: Color mode = 0 is supported
11-13 19:42:30.182  1220  1737 I SDM     : HWCColorModeStc::GetColorModes: Color mode = 7 is supported
11-13 19:42:30.182  1220  1737 I SDM     : HWCColorModeStc::GetColorModes: Color mode = 9 is supported
11-13 19:42:30.182  1341  1739 D MI-SF   : addDolbyVisionHdr enter hdrTypes 2
11-13 19:42:30.182  1341  1739 E MI-SF   : hdrTypes:2
11-13 19:42:30.182  1341  1739 E MI-SF   : hdrTypes:3
11-13 19:42:30.182  1341  1739 E MI-SF   : hdrTypes:4
11-13 19:42:30.186  8219  8219 W unknown:BridgelessReact: ReactHost{0}.startSurface(surfaceId = 0): Schedule
11-13 19:42:30.186  8219  8219 W unknown:BridgelessReact: ReactHost{0}.attachSurface(surfaceId = 0)
11-13 19:42:30.186  8219  8219 W unknown:BridgelessReact: ReactHost{0}.onHostResume(activity)
11-13 19:42:30.186  8219  8269 W unknown:BridgelessReact: ReactHost{0}.getOrCreateReactInstanceTask()
11-13 19:42:30.187  8219  8269 W unknown:BridgelessReact: ReactHost{0}.getOrCreateReactInstanceTask(): Start
11-13 19:42:30.187  8219  8269 W unknown:BridgelessReact: ReactHost{0}.getJSBundleLoader()
11-13 19:42:30.187  8219  8269 W unknown:BridgelessReact: ReactHost{0}.getOrCreateReactContext(): Creating BridgelessReactContext
11-13 19:42:30.187  8219  8269 W unknown:BridgelessReact: ReactHost{0}.getOrCreateReactInstanceTask(): Creating ReactInstance
11-13 19:42:30.191  4048  4125 D HomeWallpaperRenderer: OFFSET  x: 1.0  y: 0.0
11-13 19:42:30.192  8219  8269 D jni_lib_merge: Entering merged library JNI_OnLoad.
11-13 19:42:30.192  8219  8269 D jni_lib_merge: Preparing 4 pre-merged libs (including stub)
11-13 19:42:30.192  8219  8269 D jni_lib_merge: Preparing to register libhermes_executor_so.  onload_func: 0x707aa664b0
11-13 19:42:30.192  8219  8269 D jni_lib_merge: Preparing to register libhermesinstancejni_so.  onload_func: 0x707aa6d900
11-13 19:42:30.192  8219  8269 D jni_lib_merge: Preparing to register libjsijniprofiler_so.  onload_func: 0x707aa6e0ec
11-13 19:42:30.192  8219  8269 D jni_lib_merge: About to register 3 actual methods.
11-13 19:42:30.194  4048  4125 D HomeWallpaperRenderer: OFFSET  x: 1.0  y: 0.0
11-13 19:42:30.195  4048  4125 D HomeWallpaperRenderer: OFFSET  x: 1.0  y: 0.0
11-13 19:42:30.200  4048  4125 D HomeWallpaperRenderer: OFFSET  x: 1.0  y: 0.0
11-13 19:42:30.208  4048  4125 D HomeWallpaperRenderer: OFFSET  x: 1.0  y: 0.0
11-13 19:42:30.216  4048  4125 D HomeWallpaperRenderer: OFFSET  x: 1.0  y: 0.0
11-13 19:42:30.221  8219  8269 I ExpoModulesCore:  AppContext was initialized
11-13 19:42:30.224  4048  4125 D HomeWallpaperRenderer: OFFSET  x: 1.0  y: 0.0
11-13 19:42:30.233  4048  4125 D HomeWallpaperRenderer: OFFSET  x: 1.0  y: 0.0
11-13 19:42:30.234  8219  8269 W unknown:BridgelessReact: ReactHost{0}.getOrCreateReactInstanceTask(): Loading JS Bundle
11-13 19:42:30.234  8219  8269 W unknown:BridgelessReact: ReactHost{0}.getOrCreateReactInstanceTask(): Calling DevSupportManagerBase.onNewReactContextCreated(reactContext)
11-13 19:42:30.234  8219  8269 W unknown:BridgelessReact: ReactHost{0}.startSurface(surfaceId = 0): Execute
11-13 19:42:30.240  8219  8219 W unknown:BridgelessReact: ReactContext.onHostResume()
11-13 19:42:30.241  4048  4125 D HomeWallpaperRenderer: OFFSET  x: 1.0  y: 0.0
11-13 19:42:30.242  8219  8219 W unknown:BridgelessReact: ReactHost{0}.getOrCreateReactInstanceTask(): Executing ReactInstanceEventListeners
11-13 19:42:30.250  4048  4125 D HomeWallpaperRenderer: OFFSET  x: 1.0  y: 0.0
11-13 19:42:30.253  8219  8270 W unknown:ViewManagerPropertyUpdater: Could not find generated setter for class com.swmansion.rnscreens.ScreenFooterManager
11-13 19:42:30.254  8219  8270 W unknown:ViewManagerPropertyUpdater: Could not find generated setter for class com.facebook.react.uimanager.LayoutShadowNode
11-13 19:42:30.254  8219  8270 W unknown:ViewManagerPropertyUpdater: Could not find generated setter for class com.swmansion.rnscreens.gamma.tabs.TabScreenViewManager
11-13 19:42:30.254  8219  8270 W unknown:ViewManagerPropertyUpdater: Could not find generated setter for class expo.modules.kotlin.views.GroupViewManagerWrapper
11-13 19:42:30.254  8219  8270 W unknown:ViewManagerPropertyUpdater: Could not find generated setter for class com.swmansion.rnscreens.ScreenContainerViewManager
11-13 19:42:30.255  8219  8270 W unknown:ViewManagerPropertyUpdater: Could not find generated setter for class com.reactnativecommunity.slider.ReactSliderManager
11-13 19:42:30.255  8219  8270 W unknown:ViewManagerPropertyUpdater: Could not find generated setter for class com.swmansion.rnscreens.gamma.tabs.TabsHostViewManager
11-13 19:42:30.255  8219  8270 W unknown:ViewManagerPropertyUpdater: Could not find generated setter for class com.swmansion.rnscreens.ModalScreenViewManager
11-13 19:42:30.255  8219  8270 W unknown:ViewManagerPropertyUpdater: Could not find generated setter for class com.th3rdwave.safeareacontext.SafeAreaViewManager
11-13 19:42:30.256  8219  8270 W unknown:ViewManagerPropertyUpdater: Could not find generated setter for class com.th3rdwave.safeareacontext.SafeAreaViewShadowNode
11-13 19:42:30.256  8219  8270 W unknown:ViewManagerPropertyUpdater: Could not find generated setter for class com.swmansion.rnscreens.ScreenViewManager
11-13 19:42:30.256  8219  8270 W unknown:ViewManagerPropertyUpdater: Could not find generated setter for class expo.modules.kotlin.views.SimpleViewManagerWrapper
11-13 19:42:30.256  8219  8270 W unknown:ViewManagerPropertyUpdater: Could not find generated setter for class com.swmansion.rnscreens.ScreenStackViewManager
11-13 19:42:30.256  8219  8270 W unknown:ViewManagerPropertyUpdater: Could not find generated setter for class com.th3rdwave.safeareacontext.SafeAreaProviderManager
11-13 19:42:30.256  8219  8270 W unknown:ViewManagerPropertyUpdater: Could not find generated setter for class com.swmansion.rnscreens.SearchBarManager
11-13 19:42:30.257  8219  8270 W unknown:ViewManagerPropertyUpdater: Could not find generated setter for class com.reactnativecommunity.webview.RNCWebViewManager
11-13 19:42:30.257  4048  4125 D HomeWallpaperRenderer: OFFSET  x: 1.0  y: 0.0
11-13 19:42:30.257  8219  8270 W unknown:ViewManagerPropertyUpdater: Could not find generated setter for class org.reactnative.maskedview.RNCMaskedViewManager
11-13 19:42:30.258  8219  8270 W unknown:ViewManagerPropertyUpdater: Could not find generated setter for class com.swmansion.rnscreens.ScreenStackHeaderConfigViewManager
11-13 19:42:30.258  8219  8270 W unknown:ViewManagerPropertyUpdater: Could not find generated setter for class com.swmansion.rnscreens.ScreenContentWrapperManager
11-13 19:42:30.258  8219  8270 W unknown:ViewManagerPropertyUpdater: Could not find generated setter for class com.swmansion.rnscreens.ScreenStackHeaderSubviewManager
11-13 19:42:30.258  8219  8270 W unknown:ViewManagerPropertyUpdater: Could not find generated setter for class com.reactnativecommunity.picker.ReactDialogPickerManager
11-13 19:42:30.258  8219  8270 W unknown:ViewManagerPropertyUpdater: Could not find generated setter for class com.reactnativecommunity.picker.ReactPickerShadowNode
11-13 19:42:30.258  8219  8270 W unknown:ViewManagerPropertyUpdater: Could not find generated setter for class com.reactnativecommunity.picker.ReactDropdownPickerManager
11-13 19:42:30.266  4048  4125 D HomeWallpaperRenderer: OFFSET  x: 1.0  y: 0.0
11-13 19:42:30.267  8219  8270 W unknown:ViewManagerPropertyUpdater: Could not find generated setter for class com.horcrux.svg.RenderableViewManager$DefsViewManager
11-13 19:42:30.268  8219  8270 W unknown:ViewManagerPropertyUpdater: Could not find generated setter for class com.horcrux.svg.VirtualViewManager$RenderableShadowNode
11-13 19:42:30.268  8219  8270 W unknown:ViewManagerPropertyUpdater: Could not find generated setter for class com.horcrux.svg.RenderableViewManager$FeMergeManager
11-13 19:42:30.269  8219  8270 W unknown:ViewManagerPropertyUpdater: Could not find generated setter for class com.facebook.react.views.safeareaview.ReactSafeAreaViewManager
11-13 19:42:30.269  8219  8270 W unknown:ViewManagerPropertyUpdater: Could not find generated setter for class com.facebook.react.views.safeareaview.ReactSafeAreaViewShadowNode
11-13 19:42:30.269  8219  8270 W unknown:ViewManagerPropertyUpdater: Could not find generated setter for class com.horcrux.svg.RenderableViewManager$LinearGradientManager
11-13 19:42:30.270  8219  8270 W unknown:ViewManagerPropertyUpdater: Could not find generated setter for class com.horcrux.svg.RenderableViewManager$FeGaussianBlurManager
11-13 19:42:30.270  8219  8270 W unknown:ViewManagerPropertyUpdater: Could not find generated setter for class com.facebook.react.views.progressbar.ReactProgressBarViewManager
11-13 19:42:30.270  8219  8270 W unknown:ViewManagerPropertyUpdater: Could not find generated setter for class com.facebook.react.views.progressbar.ProgressBarShadowNode
11-13 19:42:30.271  8219  8270 W unknown:ViewManagerPropertyUpdater: Could not find generated setter for class com.facebook.react.views.scroll.ReactHorizontalScrollViewManager
11-13 19:42:30.271  4345  4345 D Launcher_UnlockAnimationStateMachine: mResetIdleStateRunnable
11-13 19:42:30.272  8219  8270 W unknown:ViewManagerPropertyUpdater: Could not find generated setter for class com.facebook.react.views.text.ReactTextViewManager
11-13 19:42:30.272  8219  8270 W unknown:ViewManagerPropertyUpdater: Could not find generated setter for class com.facebook.react.views.text.ReactTextShadowNode
11-13 19:42:30.272  8219  8270 W unknown:ViewManagerPropertyUpdater: Could not find generated setter for class com.horcrux.svg.RenderableViewManager$FeColorMatrixManager
11-13 19:42:30.273  8219  8270 W unknown:ViewManagerPropertyUpdater: Could not find generated setter for class com.facebook.react.views.scroll.ReactHorizontalScrollContainerViewManager
11-13 19:42:30.274  8219  8270 W unknown:ViewManagerPropertyUpdater: Could not find generated setter for class com.horcrux.svg.RenderableViewManager$ClipPathViewManager
11-13 19:42:30.274  4048  4125 D HomeWallpaperRenderer: OFFSET  x: 1.0  y: 0.0
11-13 19:42:30.274  8219  8270 W unknown:ViewManagerPropertyUpdater: Could not find generated setter for class com.horcrux.svg.RenderableViewManager$SymbolManager
11-13 19:42:30.275  8219  8270 W unknown:ViewManagerPropertyUpdater: Could not find generated setter for class com.horcrux.svg.RenderableViewManager$PatternManager
11-13 19:42:30.276  8219  8270 W unknown:ViewManagerPropertyUpdater: Could not find generated setter for class com.horcrux.svg.RenderableViewManager$FeBlendManager
11-13 19:42:30.276  8219  8270 W unknown:ViewManagerPropertyUpdater: Could not find generated setter for class com.facebook.react.views.view.ReactViewManager
11-13 19:42:30.277  8219  8270 W unknown:ViewManagerPropertyUpdater: Could not find generated setter for class com.horcrux.svg.SvgViewManager
11-13 19:42:30.277  8219  8270 W unknown:ViewManagerPropertyUpdater: Could not find generated setter for class com.facebook.react.views.switchview.ReactSwitchManager
11-13 19:42:30.277  8219  8270 W unknown:ViewManagerPropertyUpdater: Could not find generated setter for class com.facebook.react.views.switchview.ReactSwitchShadowNode
11-13 19:42:30.278  8219  8270 W unknown:ViewManagerPropertyUpdater: Could not find generated setter for class com.horcrux.svg.RenderableViewManager$UseViewManager
11-13 19:42:30.278  8219  8270 W unknown:ViewManagerPropertyUpdater: Could not find generated setter for class com.horcrux.svg.RenderableViewManager$CircleViewManager
11-13 19:42:30.279  8219  8270 W unknown:ViewManagerPropertyUpdater: Could not find generated setter for class com.horcrux.svg.RenderableViewManager$TSpanViewManager
11-13 19:42:30.280  8219  8270 W unknown:ViewManagerPropertyUpdater: Could not find generated setter for class com.horcrux.svg.RenderableViewManager$FilterManager
11-13 19:42:30.280  8219  8270 W unknown:ViewManagerPropertyUpdater: Could not find generated setter for class com.horcrux.svg.RenderableViewManager$MarkerManager
11-13 19:42:30.281  8219  8270 W unknown:ViewManagerPropertyUpdater: Could not find generated setter for class com.swmansion.gesturehandler.react.RNGestureHandlerButtonViewManager
11-13 19:42:30.281  8219  8270 W unknown:ViewManagerPropertyUpdater: Could not find generated setter for class com.facebook.react.views.modal.ReactModalHostManager
11-13 19:42:30.282  4048  4125 D HomeWallpaperRenderer: OFFSET  x: 1.0  y: 0.0
11-13 19:42:30.282  8219  8270 W unknown:ViewManagerPropertyUpdater: Could not find generated setter for class com.horcrux.svg.RenderableViewManager$ForeignObjectManager
11-13 19:42:30.283  8219  8270 W unknown:ViewManagerPropertyUpdater: Could not find generated setter for class com.horcrux.svg.RenderableViewManager$EllipseViewManager
11-13 19:42:30.283  8219  8270 W unknown:ViewManagerPropertyUpdater: Could not find generated setter for class com.horcrux.svg.RenderableViewManager$LineViewManager
11-13 19:42:30.284  8219  8270 W unknown:ViewManagerPropertyUpdater: Could not find generated setter for class com.facebook.react.views.text.frescosupport.FrescoBasedReactTextInlineImageViewManager
11-13 19:42:30.284  8219  8270 W unknown:ViewManagerPropertyUpdater: Could not find generated setter for class com.facebook.react.views.text.frescosupport.FrescoBasedReactTextInlineImageShadowNode
11-13 19:42:30.284  8219  8270 W unknown:ViewManagerPropertyUpdater: Could not find generated setter for class com.horcrux.svg.RenderableViewManager$FeFloodManager
11-13 19:42:30.285  8219  8270 W unknown:ViewManagerPropertyUpdater: Could not find generated setter for class com.horcrux.svg.RenderableViewManager$GroupViewManager
11-13 19:42:30.285  8219  8270 W unknown:ViewManagerPropertyUpdater: Could not find generated setter for class com.horcrux.svg.RenderableViewManager$TextViewManager
11-13 19:42:30.286  8219  8270 W unknown:ViewManagerPropertyUpdater: Could not find generated setter for class com.horcrux.svg.RenderableViewManager$ImageViewManager
11-13 19:42:30.287  8219  8270 W unknown:ViewManagerPropertyUpdater: Could not find generated setter for class com.horcrux.svg.RenderableViewManager$FeCompositeManager
11-13 19:42:30.287  8219  8270 W unknown:ViewManagerPropertyUpdater: Could not find generated setter for class com.facebook.react.views.image.ReactImageManager
11-13 19:42:30.288  8219  8270 W unknown:ViewManagerPropertyUpdater: Could not find generated setter for class com.horcrux.svg.RenderableViewManager$RadialGradientManager
11-13 19:42:30.288  8219  8270 W unknown:ViewManagerPropertyUpdater: Could not find generated setter for class com.horcrux.svg.RenderableViewManager$MaskManager
11-13 19:42:30.289  8219  8270 W unknown:ViewManagerPropertyUpdater: Could not find generated setter for class com.facebook.react.views.unimplementedview.ReactUnimplementedViewManager
11-13 19:42:30.289  8219  8270 W unknown:ViewManagerPropertyUpdater: Could not find generated setter for class com.horcrux.svg.RenderableViewManager$RectViewManager
11-13 19:42:30.290  8219  8270 W unknown:ViewManagerPropertyUpdater: Could not find generated setter for class com.horcrux.svg.RenderableViewManager$TextPathViewManager
11-13 19:42:30.290  4048  4125 D HomeWallpaperRenderer: OFFSET  x: 1.0  y: 0.0
11-13 19:42:30.291  8219  8270 W unknown:ViewManagerPropertyUpdater: Could not find generated setter for class com.facebook.react.views.scroll.ReactScrollViewManager
11-13 19:42:30.292  8219  8270 W unknown:ViewManagerPropertyUpdater: Could not find generated setter for class com.horcrux.svg.RenderableViewManager$FeOffsetManager
11-13 19:42:30.292  8219  8270 W unknown:ViewManagerPropertyUpdater: Could not find generated setter for class com.horcrux.svg.RenderableViewManager$PathViewManager
11-13 19:42:30.293  8219  8270 W unknown:ViewManagerPropertyUpdater: Could not find generated setter for class com.facebook.react.views.drawer.ReactDrawerLayoutManager
11-13 19:42:30.293  8219  8270 W unknown:ViewManagerPropertyUpdater: Could not find generated setter for class com.facebook.react.views.text.ReactVirtualTextViewManager
11-13 19:42:30.293  8219  8270 W unknown:ViewManagerPropertyUpdater: Could not find generated setter for class com.facebook.react.views.text.ReactVirtualTextShadowNode
11-13 19:42:30.294  8219  8270 W unknown:ViewManagerPropertyUpdater: Could not find generated setter for class com.facebook.react.views.swiperefresh.SwipeRefreshLayoutManager
11-13 19:42:30.294  8219  8270 W unknown:ViewManagerPropertyUpdater: Could not find generated setter for class com.facebook.react.views.text.ReactRawTextManager
11-13 19:42:30.294  8219  8270 W unknown:ViewManagerPropertyUpdater: Could not find generated setter for class com.facebook.react.views.text.ReactRawTextShadowNode
11-13 19:42:30.294  8219  8270 W unknown:ViewManagerPropertyUpdater: Could not find generated setter for class com.facebook.react.views.textinput.ReactTextInputManager
11-13 19:42:30.295  8219  8270 W unknown:ViewManagerPropertyUpdater: Could not find generated setter for class com.facebook.react.views.textinput.ReactTextInputShadowNode
11-13 19:42:30.295  8219  8270 W unknown:ViewManagerPropertyUpdater: Could not find generated setter for class com.swmansion.gesturehandler.react.RNGestureHandlerRootViewManager
11-13 19:42:30.297  8219  8270 E AVManager: Cannot install JSI bindings for AV module because JS context is not available
11-13 19:42:30.297  8219  8270 W BridgelessReactContext: [WARNING] Bridgeless doesn't support CatalystInstance. Accessing an API that's not part of the new architecture is not encouraged usage.
11-13 19:42:30.299  4048  4125 D HomeWallpaperRenderer: OFFSET  x: 1.0  y: 0.0
11-13 19:42:30.299  8219  8270 I ExpoModulesCore:  JSI interop was installed
11-13 19:42:30.301  8219  8270 I ExpoModulesCore:  Constants were exported
11-13 19:42:30.302  8219  8270 I dev.expo.updates: {"timestamp":1763034150301,"message":"UpdatesModule: getConstants called","code":"None","level":"info"}
11-13 19:42:30.307  4048  4125 D HomeWallpaperRenderer: OFFSET  x: 1.0  y: 0.0
11-13 19:42:30.315  4048  4125 D HomeWallpaperRenderer: OFFSET  x: 1.0  y: 0.0
11-13 19:42:30.321  8219  8270 I ReactNativeJS: Running "main"
11-13 19:42:30.323  4048  4125 D HomeWallpaperRenderer: OFFSET  x: 1.0  y: 0.0
11-13 19:42:30.332  4048  4125 D HomeWallpaperRenderer: OFFSET  x: 1.0  y: 0.0
11-13 19:42:30.340  4048  4125 D HomeWallpaperRenderer: OFFSET  x: 1.0  y: 0.0
11-13 19:42:30.348  4048  4125 D HomeWallpaperRenderer: OFFSET  x: 1.0  y: 0.0
11-13 19:42:30.356  4048  4125 D HomeWallpaperRenderer: OFFSET  x: 1.0  y: 0.0
11-13 19:42:30.365  4048  4125 D HomeWallpaperRenderer: OFFSET  x: 1.0  y: 0.0
11-13 19:42:30.373  4048  4125 D HomeWallpaperRenderer: OFFSET  x: 1.0  y: 0.0
11-13 19:42:30.381  4048  4125 D HomeWallpaperRenderer: OFFSET  x: 1.0  y: 0.0
11-13 19:42:30.384  8219  8270 I ReactNativeJS: ...
11-13 19:42:30.384  8219  8270 I ReactNativeJS: '[API_CONFIG] :', { hasApiKey: true,
11-13 19:42:30.384  8219  8270 I ReactNativeJS:   apiKeyLength: 728,
11-13 19:42:30.384  8219  8270 I ReactNativeJS:   apiKeyPrefix: 'eyJhbGci...',
11-13 19:42:30.384  8219  8270 I ReactNativeJS:   apiKeySuffix: '...8HBg',
11-13 19:42:30.384  8219  8270 I ReactNativeJS:   allEnvKeys: [],
11-13 19:42:30.384  8219  8270 I ReactNativeJS:   isDev: false }
11-13 19:42:30.385  8219  8270 I ReactNativeJS: 'pageId:', '', ', pathname:', '/', ', search:', ''
11-13 19:42:30.386  8219  8270 I ReactNativeJS: ':', { taskCollectionModule: [Getter] }
11-13 19:42:30.386  8219  8270 I ReactNativeJS: ':', { id: 'task-collection',
11-13 19:42:30.386  8219  8270 I ReactNativeJS:   name: 'task-collection',
11-13 19:42:30.386  8219  8270 I ReactNativeJS:   enabled: true,
11-13 19:42:30.386  8219  8270 I ReactNativeJS:   status: 'active' }
11-13 19:42:30.386  8219  8270 I ReactNativeJS: ':', { iloveRecitingModule: [Getter] }
11-13 19:42:30.386  8219  8270 I ReactNativeJS: ':', { id: 'ilove-reciting',
11-13 19:42:30.386  8219  8270 I ReactNativeJS:   name: 'ilove-reciting',
11-13 19:42:30.386  8219  8270 I ReactNativeJS:   enabled: true,
11-13 19:42:30.386  8219  8270 I ReactNativeJS:   status: 'active' }
11-13 19:42:30.386  8219  8270 I ReactNativeJS: ':', { taskListModule: [Getter] }
11-13 19:42:30.386  8219  8270 I ReactNativeJS: ':', { id: 'task-list',
11-13 19:42:30.386  8219  8270 I ReactNativeJS:   name: 'task-list',
11-13 19:42:30.386  8219  8270 I ReactNativeJS:   enabled: true,
11-13 19:42:30.386  8219  8270 I ReactNativeJS:   status: 'active' }
11-13 19:42:30.386  8219  8270 I ReactNativeJS: ':', { ideaCollectorModule: [Getter] }
11-13 19:42:30.386  8219  8270 I ReactNativeJS: ':', { id: 'idea-collector',
11-13 19:42:30.386  8219  8270 I ReactNativeJS:   name: 'idea-collector',
11-13 19:42:30.386  8219  8270 I ReactNativeJS:   enabled: true,
11-13 19:42:30.386  8219  8270 I ReactNativeJS:   status: 'active' }
11-13 19:42:30.387  8219  8270 I ReactNativeJS: ':', { selfAwarenessModule: [Getter] }
11-13 19:42:30.387  8219  8270 I ReactNativeJS: ':', { id: 'self-awareness',
11-13 19:42:30.387  8219  8270 I ReactNativeJS:   name: 'self-awareness',
11-13 19:42:30.387  8219  8270 I ReactNativeJS:   enabled: true,
11-13 19:42:30.387  8219  8270 I ReactNativeJS:   status: 'active' }
11-13 19:42:30.387  8219  8270 I ReactNativeJS:  task-collection 
11-13 19:42:30.387  8219  8270 I ReactNativeJS: 
11-13 19:42:30.387  8219  8270 I ReactNativeJS: 
11-13 19:42:30.387  8219  8270 I ReactNativeJS: : cloud
11-13 19:42:30.387  8219  8270 I ReactNativeJS:  task-collection 
11-13 19:42:30.387  8219  8270 I ReactNativeJS:  ilove-reciting 
11-13 19:42:30.387  8219  8270 I ReactNativeJS: 
11-13 19:42:30.387  8219  8270 I ReactNativeJS: 
11-13 19:42:30.387  8219  8270 I ReactNativeJS:  ilove-reciting 
11-13 19:42:30.387  8219  8270 I ReactNativeJS:  task-list 
11-13 19:42:30.387  8219  8270 I ReactNativeJS: 
11-13 19:42:30.387  8219  8270 I ReactNativeJS: 
11-13 19:42:30.388  8219  8270 I ReactNativeJS: 
11-13 19:42:30.388  8219  8270 I ReactNativeJS:  task-list 
11-13 19:42:30.388  8219  8270 I ReactNativeJS:  idea-collector 
11-13 19:42:30.388  8219  8270 I ReactNativeJS: 
11-13 19:42:30.388  8219  8270 I ReactNativeJS: 
11-13 19:42:30.388  8219  8270 I ReactNativeJS: : cloud
11-13 19:42:30.388  8219  8270 I ReactNativeJS:  idea-collector 
11-13 19:42:30.388  8219  8270 I ReactNativeJS:  self-awareness 
11-13 19:42:30.389  8219  8270 I ReactNativeJS: 
11-13 19:42:30.389  8219  8270 I ReactNativeJS: 
11-13 19:42:30.389  8219  8270 I ReactNativeJS:  self-awareness 
11-13 19:42:30.389  8219  8270 I ReactNativeJS:  5 
11-13 19:42:30.389  8219  8270 I ReactNativeJS:  5 
11-13 19:42:30.389  8219  8270 I ReactNativeJS: 
11-13 19:42:30.390  4048  4125 D HomeWallpaperRenderer: OFFSET  x: 1.0  y: 0.0
11-13 19:42:30.395  8219  8271 W unknown:ReactNative: StatusBarModule: Ignored status bar change, current activity is edge-to-edge.
11-13 19:42:30.395  8219  8271 W unknown:ReactNative: StatusBarModule: Ignored status bar change, current activity is edge-to-edge.
11-13 19:42:30.398  4048  4125 D HomeWallpaperRenderer: OFFSET  x: 1.0  y: 0.0
11-13 19:42:30.398  8219  8219 W [RNScreens]: backTitleVisible prop is not available on Android
11-13 19:42:30.399  8219  8219 W [RNScreens]: backTitleFontFamily prop is not available on Android
11-13 19:42:30.399  8219  8219 W [RNScreens]: disableBackButtonMenu prop is not available on Android
11-13 19:42:30.399  8219  8219 W [RNScreens]: largeTitleFontFamily prop is not available on Android
11-13 19:42:30.399  8219  8219 W [RNScreens]: largeTitleFontWeight prop is not available on Android
11-13 19:42:30.399  8219  8219 W [RNScreens]: largeTitleHideShadow prop is not available on Android
11-13 19:42:30.399  8219  8219 I ReactNative: [GESTURE HANDLER] Initialize gesture handler for root view com.facebook.react.runtime.ReactSurfaceView{a215f2b V.E...... ......ID 0,0-1220,2712 #1}
11-13 19:42:30.400  8219  8270 I ReactNativeJS: 'pageId:', '', ', pathname:', '/', ', search:', ''
11-13 19:42:30.400  8219  8271 W unknown:ReactNative: StatusBarModule: Ignored status bar change, current activity is edge-to-edge.
11-13 19:42:30.400  8219  8271 W unknown:ReactNative: StatusBarModule: Ignored status bar change, current activity is edge-to-edge.
11-13 19:42:30.406  8219  8246 D .taskcollectio: MiuiProcessManagerServiceStub setSchedFifo
11-13 19:42:30.406  8219  8246 I MiuiProcessManagerImpl: setSchedFifo pid:8219, mode:3
11-13 19:42:30.407  4048  4125 D HomeWallpaperRenderer: OFFSET  x: 1.0  y: 0.0
11-13 19:42:30.416  4048  4125 D HomeWallpaperRenderer: OFFSET  x: 1.0  y: 0.0
11-13 19:42:30.420  8219  8219 D CompatibilityChangeReporter: Compat change id reported: 171228096; UID 10340; state: ENABLED
11-13 19:42:30.421  8219  8219 W [RNScreens]: backTitleVisible prop is not available on Android
11-13 19:42:30.421  8219  8219 W [RNScreens]: backTitleFontFamily prop is not available on Android
11-13 19:42:30.421  8219  8219 W [RNScreens]: disableBackButtonMenu prop is not available on Android
11-13 19:42:30.421  8219  8219 W [RNScreens]: largeTitleFontFamily prop is not available on Android
11-13 19:42:30.421  8219  8219 W [RNScreens]: largeTitleFontWeight prop is not available on Android
11-13 19:42:30.421  8219  8219 W [RNScreens]: largeTitleHideShadow prop is not available on Android
11-13 19:42:30.425  2339  2582 D PerfImpl: perfFirstDrawBoost: com.lcy.taskcollection, 8219, 1
11-13 19:42:30.428  8219  8219 D DecorView[]: getWindowModeFromSystem  windowmode is 1
11-13 19:42:30.428  8219  8219 D DecorView[]: updateDecorCaptionStatus displayWindowDecor is false
11-13 19:42:30.432  4048  4125 D HomeWallpaperRenderer: OFFSET  x: 1.0  y: 0.0
11-13 19:42:30.432  2339  2577 I ActivityTaskManager: Displayed com.lcy.taskcollection/.MainActivity: +488ms
11-13 19:42:30.432  2339  2577 D PerfImpl: perfLockReleaseHandler: 12723
11-13 19:42:30.441  2339  3141 I WindowManagerService: Physical orientation not applied, rotation=0
11-13 19:42:30.445  4345  4345 D NavStubView_Touch: onSystemUiFlagsChanged  mIsShowStatusBar    old= true   new=true
11-13 19:42:30.445  4345  4345 D NavStubView_Touch: onSystemUiFlagsChanged  mIsShowNavBar    old= true   new=true
11-13 19:42:30.449  8219  8219 D DecorView[]: onWindowFocusChanged hasWindowFocus true
11-13 19:42:30.449  8219  8219 I HandWritingStubImpl: refreshLastKeyboardType: 1
11-13 19:42:30.449  8219  8219 I HandWritingStubImpl: getCurrentKeyboardType: 1
11-13 19:42:30.449  4048  4125 D HomeWallpaperRenderer: OFFSET  x: 1.0  y: 0.0
11-13 19:42:30.452  8219  8270 I ReactNativeJS: 'pageId:', 'MODULE-HOME', ', pathname:', '/module-home', ', search:', ''
11-13 19:42:30.452 10856 10856 V InputMethod: unbindInput(): binding=InputBinding{android.os.BinderProxy@5cac72b / uid 10086 / pid 4345} ic=InputConnectionWrapper{idHash=#b6d5ddf mMissingMethods=}
11-13 19:42:30.452 10856 10856 E BaseInputMethodService: onUnbindInput
11-13 19:42:30.452  8219  8219 I HandWritingStubImpl: isKeyboardTypeChanged: false
11-13 19:42:30.452  8219  8271 W unknown:ReactNative: StatusBarModule: Ignored status bar change, current activity is edge-to-edge.
11-13 19:42:30.452  8219  8271 W unknown:ReactNative: StatusBarModule: Ignored status bar change, current activity is edge-to-edge.
11-13 19:42:30.456  4048  4125 D HomeWallpaperRenderer: OFFSET  x: 1.0  y: 0.0
11-13 19:42:30.463  8219  8219 I HandWritingStubImpl: isKeyboardTypeChanged: false
11-13 19:42:30.464 10856 10856 V InputMethod: bindInput(): binding=InputBinding{android.os.BinderProxy@22a4a8a / uid 10340 / pid 8219} ic=InputConnectionWrapper{idHash=#f73f8fb mMissingMethods=}
11-13 19:42:30.464 10856 10856 E BaseInputMethodService: onBindInput
11-13 19:42:30.465 10856 10856 V InputMethod: startInput(): editor=android.view.inputmethod.EditorInfo@75fad18
11-13 19:42:30.465 10856 10856 V InputMethodService: CALL: doFinishInput
11-13 19:42:30.465 10856 10856 D InlineSuggestionSessionController: notifyOnFinishInput
11-13 19:42:30.465 10856 10856 V InputMethodService: CALL: onFinishInput
11-13 19:42:30.465 10856 10856 E BaseInputMethodService: onFinishInput
11-13 19:42:30.465 10856 10856 D InlineSuggestionSessionController: notifyOnStartInput: com.lcy.taskcollection, 0
11-13 19:42:30.465 10856 10856 V InputMethodService: CALL: onStartInput
11-13 19:42:30.465 10856 10856 E BaseInputMethodService: onStartInput
11-13 19:42:30.467  8219  8270 D jni_lib_merge: Entering merged library JNI_OnLoad.
11-13 19:42:30.467  8219  8270 D jni_lib_merge: Preparing 12 pre-merged libs (including stub)
11-13 19:42:30.467  8219  8270 D jni_lib_merge: Preparing to register libfabricjni_so.  onload_func: 0x70896b5edc
11-13 19:42:30.467  8219  8270 D jni_lib_merge: Preparing to register libreact_devsupportjni_so.  onload_func: 0x7089786f40
11-13 19:42:30.467  8219  8270 D jni_lib_merge: Preparing to register libreact_featureflagsjni_so.  onload_func: 0x70897999f8
11-13 19:42:30.467  8219  8270 D jni_lib_merge: Preparing to register libreact_newarchdefaults_so.  onload_func: 0x70897bee30
11-13 19:42:30.467  8219  8270 D jni_lib_merge: Preparing to register libreactnativeblob_so.  onload_func: 0x70898515b0
11-13 19:42:30.467  8219  8270 D jni_lib_merge: Preparing to register libreactnativejni_so.  onload_func: 0x708986bb24
11-13 19:42:30.467  8219  8270 D jni_lib_merge: Preparing to register libreactnativejni_common_so.  onload_func: 0x7089872458
11-13 19:42:30.467  8219  8270 D jni_lib_merge: Preparing to register librninstance_so.  onload_func: 0x708988e070
11-13 19:42:30.467  8219  8270 D jni_lib_merge: Preparing to register libturbomodulejsijni_so.  onload_func: 0x70899261a4
11-13 19:42:30.467  8219  8270 D jni_lib_merge: Preparing to register libuimanagerjni_so.  onload_func: 0x708992d7e0
11-13 19:42:30.467  8219  8270 D jni_lib_merge: Preparing to register libyoga_so.  onload_func: 0x7089934da4
11-13 19:42:30.467  8219  8270 D jni_lib_merge: About to register 11 actual methods.
11-13 19:42:30.470  4048  4125 D HomeWallpaperRenderer: OFFSET  x: 1.0  y: 0.0
11-13 19:42:30.483  2339  5727 I WindowManagerService: Physical orientation not applied, rotation=0
11-13 19:42:30.484  4048  4125 D HomeWallpaperRenderer: OFFSET  x: 1.0  y: 0.0
11-13 19:42:30.486  4048  4125 D HomeWallpaperRenderer: OFFSET  x: 1.0  y: 0.0
11-13 19:42:30.489  8219  8219 I HandWritingStubImpl: getCurrentKeyboardType: 1
11-13 19:42:30.489  4048  4125 D HomeWallpaperRenderer: OFFSET  x: 1.0  y: 0.0
11-13 19:42:30.497  4048  4125 D HomeWallpaperRenderer: OFFSET  x: 1.0  y: 0.0
11-13 19:42:30.502  1227  1582 V MSF.C.MSFCore[@PS]: [Event] MSFPacketStatistics.cpp(300)::DoCheckRequestTimeout->current rtts:57.422
11-13 19:42:30.512  6332  8448 D TrafficManageService: onReceive: intent.action = com.android.server.action.NETWORK_STATS_UPDATED
11-13 19:42:30.516  2339  3397 I WindowManagerService: Physical orientation not applied, rotation=0
11-13 19:42:30.514  6531  6531 W ThreadPoolForeg: type=1400 audit(0.0:54577): avc: denied { write } for name="traced_producer" dev="tmpfs" ino=1517 scontext=u:r:gmscore_app:s0:c512,c768 tcontext=u:object_r:traced_producer_socket:s0 tclass=sock_file permissive=0 app=com.google.android.gms
11-13 19:42:30.521  2339  3141 I WindowManagerService: Physical orientation not applied, rotation=0
11-13 19:42:30.523  4048  4125 D HomeWallpaperRenderer: OFFSET  x: 1.0  y: 0.0
11-13 19:42:30.523  2339  3240 W NetworkPolicy: shared quota unsupported; generating rule for each iface
11-13 19:42:30.524  2339  5727 W InputManager-JNI: Input channel object '8118029 Splash Screen com.lcy.taskcollection (client)' was disposed without first being removed with the input manager!
11-13 19:42:30.525  4048  4125 D HomeWallpaperRenderer: OFFSET  x: 1.0  y: 0.0
11-13 19:42:30.539  4048  4125 D HomeWallpaperRenderer: OFFSET  x: 1.0  y: 0.0
11-13 19:42:30.540  4048  4125 D HomeWallpaperRenderer: OFFSET  x: 1.0  y: 0.0
11-13 19:42:30.547  4048  4125 D HomeWallpaperRenderer: OFFSET  x: 1.0  y: 0.0
11-13 19:42:30.556  4048  4125 D HomeWallpaperRenderer: OFFSET  x: 1.0  y: 0.0
11-13 19:42:30.563  4048  4125 D HomeWallpaperRenderer: OFFSET  x: 1.0  y: 0.0
11-13 19:42:30.571  4345  4345 W DimLayer: removeDimLayer
11-13 19:42:30.577  4048  4125 D HomeWallpaperRenderer: OFFSET  x: 1.0  y: 0.0
11-13 19:42:30.578  4345  4345 E LauncherAnimationRunner: finish: mFinishRunnable.run
11-13 19:42:30.593  8219  8283 D BLASTBufferQueue: releaseBufferCallback ReleaseCallbackId: bufferId:35300336205827 framenumber:17
11-13 19:42:30.595  2339  2381 W System  : A resource failed to call release. 
11-13 19:42:30.595  2339  2381 W System  : A resource failed to call close. 
11-13 19:42:30.595  2339  2381 W System  : A resource failed to call close. 
11-13 19:42:30.595  2339  2381 W System  : A resource failed to call close. 
11-13 19:42:30.602  2339  3397 I WindowManagerService: Physical orientation not applied, rotation=0
11-13 19:42:30.607  2339  5727 I WindowManagerService: Physical orientation not applied, rotation=0
11-13 19:42:30.608  4345  4345 D Launcher.Lifecycle: onStop:UserHandle{0},b3a75e2,false
11-13 19:42:30.612  4345  4345 D LauncherClient.Service: service already disconnected:com.miui.newhome
11-13 19:42:30.613  4345  4345 W Launcher.Workspace: MiuiHome:onSaveInstanceState
11-13 19:42:30.613  4345  4345 W ScreenView_Workspace: MiuiHome:onSaveInstanceState
11-13 19:42:30.613  6954  7022 D LauncherOverlay: setActivityState:0
11-13 19:42:30.613  4345  4345 W ScreenView_HotSeats: MiuiHome:onSaveInstanceState
11-13 19:42:30.613  4345  4345 W ScreenView_RecommendAppsThumbnailView: MiuiHome:onSaveInstanceState
11-13 19:42:30.613  4345  4345 W ScreenView_WorkspaceThumbnailView: MiuiHome:onSaveInstanceState
11-13 19:42:30.613  4345  4345 W ScreenView_EditingEntryThumbnailView: MiuiHome:onSaveInstanceState
11-13 19:42:30.613  4345  4345 W ViewPager: MiuiHome:onSaveInstanceState
11-13 19:42:30.613  4345  4345 W ScreenView_DeleteIconContainer: MiuiHome:onSaveInstanceState
11-13 19:42:30.614  6954  6954 D LauncherOverlay.Window: onStop
11-13 19:42:30.616  2339  3242 I MiuiNetworkPolicyTrafficLimit: updateWhiteListUidForMobileTraffic uid=10086,add=false
11-13 19:42:30.617  2339  3242 I MiuiNetworkPolicyTrafficLimit: updateWhiteListUidForMobileTraffic uid=10070,add=false
11-13 19:42:30.617  2339  3242 D MiuiNetworkPolicyTrafficLimit: updateWhiteListUidForMobileTraffic rst=true
11-13 19:42:30.617  2339  3242 D MiuiNetworkPolicyTrafficLimit: updateWhiteListUidForMobileTraffic rst=true
11-13 19:42:30.622  2339  5727 W ActivityTaskManager: Skip mGoingToSleepWakeLock release for sleepingOrShuttingDown
11-13 19:42:30.625  1341  1341 D MI-SF   : Launcher Changed hasLauncher=0
11-13 19:42:30.633  2339  3397 W ProcessStats: Tracking association SourceState{7cedc25 com.miui.guardprovider/10117 BTopFgs #72370} whose proc state 2 is better than process ProcessState{a25b7cb com.miui.securitycenter.remote/1000 pkg=com.miui.securitycenter} proc state 3 (71 skipped)
11-13 19:42:30.633  2339  3397 E WakePathChecker: MIUILOG-WAKEPATH invalid parameter
11-13 19:42:30.635  4731 14747 I FontLog : (REDACTED) Received query %s, URI %s
11-13 19:42:30.635  4731 14747 I FontLog : (REDACTED) Query [%s] resolved to %s
11-13 19:42:30.636  4731 14747 I FontLog : (REDACTED) Fetch %s end status %s
11-13 19:42:30.638  4731 17136 I FontLog : (REDACTED) Pulling font file for id = %d, cache size = %d
11-13 19:42:30.639  4731 14747 I FontLog : (REDACTED) Pulling font file for id = %d, cache size = %d
11-13 19:42:30.698  2339  2581 W TaskSnapshot_CInjector: couldPersist()... false.
11-13 19:42:30.780  1227  1603 V MSF.C.MSFCore[@DD]: [Event] MSFDDNetworkEngine.cpp(179)::onTcpInfoUpdate->onTcpInfoUpdate:
11-13 19:42:30.780  1227  1603 V MSF.C.MSFCore[@DD]:                      tcpi_state = 1;
11-13 19:42:30.780  1227  1603 V MSF.C.MSFCore[@DD]:                      tcpi_ca_state = 0;
11-13 19:42:30.780  1227  1603 V MSF.C.MSFCore[@DD]:                      tcpi_rto = 256 ms;
11-13 19:42:30.780  1227  1603 V MSF.C.MSFCore[@DD]:                      tcpi_unacked = 0;
11-13 19:42:30.780  1227  1603 V MSF.C.MSFCore[@DD]:                      tcpi_rttcur = 53 ms;
11-13 19:42:30.780  1227  1603 V MSF.C.MSFCore[@DD]:                      tcpi_rttvar = 21 ms;
11-13 19:42:30.780  1227  1603 V MSF.C.MSFCore[@DD]:                      tcpi_bytes_retrans = 0 bytes;
11-13 19:42:30.780  1227  1603 V MSF.C.MSFCore[@DD]:                      tcpi_notsent_bytes = 0 bytes;
11-13 19:42:30.780  1227  1603 V MSF.C.MSFCore[@DD]:                      tcpi_bytes_received = 41211 bytes;
11-13 19:42:30.780  1227  1603 V MSF.C.MSFCore[@DD]:                      tcpi_bytes_sent = 35143 bytes 
11-13 19:42:30.780  1227  1603 V MSF.C.MSFCore[@DD]:                      tcpi_last_data_sent = 163316 ms 
11-13 19:42:30.780  1227  1603 V MSF.C.MSFCore[@DD]:                      tcpi_last_data_recv = 163264 ms 
11-13 19:42:30.924  2339  5728 I WindowManagerService: Physical orientation not applied, rotation=0
11-13 19:42:30.971  1524  3082 D MiuiFastConnectService: stopBleScan: scanning: true
11-13 19:42:30.971  1524  3082 D BluetoothAdapter: isLeEnabled(): ON
11-13 19:42:30.972  4013  6025 D BtGatt.GattService: stopScan() - queue size =2
11-13 19:42:30.973  4013  4446 I BtGatt.ScanManager: msg.what = 1, msg.arg1 = 0(mMiuiControllingType)
11-13 19:42:30.973  4013  4446 D BtGatt.ScanManager: track LE scan event: callerPackage = [com.xiaomi.bluetooth], scanMode = [0], reportDelayMillis = [0], behavior = [2], scannerId = [6], duration = [59905]
11-13 19:42:30.973  1172  1172 D vendor.qti.bluetooth@1.0-ibs_handler: SerialClockVote: vote for UART CLK ON
11-13 19:42:30.974  1172  1172 D vendor.qti.bluetooth@1.0-wake_lock: Acquire wakelock is acquired 
11-13 19:42:30.974  1172  1172 I vendor.qti.bluetooth@1.0-ibs_handler: DeviceWakeUp: Writing IBS_WAKE_IND
11-13 19:42:30.975  4013  6025 D BtGatt.GattService: unregisterScanner() - scannerId=6
11-13 19:42:30.979  1172  4600 I vendor.qti.bluetooth@1.0-ibs_handler: ProcessIbsCmd: Received IBS_WAKE_ACK: 0xFC
11-13 19:42:30.979  1172  4600 I vendor.qti.bluetooth@1.0-ibs_handler: ProcessIbsCmd: Signal wack_cond_
11-13 19:42:30.979  1172  1172 D vendor.qti.bluetooth@1.0-ibs_handler: DeviceWakeUp: Unblocked from waiting for FC, pthread_cond_timedwait ret = 0
